<?xml version="1.0"?>
<link_info>
   <banner>MSP430 Linker PC v16.9.0.LTS</banner>
   <copyright>Copyright (c) 2003-2015 Texas Instruments Incorporated</copyright>
   <link_time>0x59099baa</link_time>
   <link_errors>0x0</link_errors>
   <output_file>GSM4.out</output_file>
   <entry_point>
      <name>_c_int00_noargs</name>
      <address>0x9af0</address>
   </entry_point>
   <input_file_list>
      <input_file id="fl-2">
         <path>.\</path>
         <kind>object</kind>
         <file>Lifo.obj</file>
         <name>Lifo.obj</name>
      </input_file>
      <input_file id="fl-3">
         <path>.\</path>
         <kind>object</kind>
         <file>atcommands.obj</file>
         <name>atcommands.obj</name>
      </input_file>
      <input_file id="fl-4">
         <path>.\</path>
         <kind>object</kind>
         <file>buffer.obj</file>
         <name>buffer.obj</name>
      </input_file>
      <input_file id="fl-5">
         <path>.\</path>
         <kind>object</kind>
         <file>bufferspi.obj</file>
         <name>bufferspi.obj</name>
      </input_file>
      <input_file id="fl-6">
         <path>.\</path>
         <kind>object</kind>
         <file>cc430x613x_dma_05.obj</file>
         <name>cc430x613x_dma_05.obj</name>
      </input_file>
      <input_file id="fl-7">
         <path>.\</path>
         <kind>object</kind>
         <file>main.obj</file>
         <name>main.obj</name>
      </input_file>
      <input_file id="fl-8">
         <path>.\</path>
         <kind>object</kind>
         <file>spi.obj</file>
         <name>spi.obj</name>
      </input_file>
      <input_file id="fl-29">
         <path>C:\ti\ccs700\ccsv7\tools\compiler\ti-cgt-msp430_16.9.0.LTS\lib\</path>
         <kind>archive</kind>
         <file>rts430x_lc_sd_eabi.lib</file>
         <name>boot.obj</name>
      </input_file>
      <input_file id="fl-2a">
         <path>C:\ti\ccs700\ccsv7\tools\compiler\ti-cgt-msp430_16.9.0.LTS\lib\</path>
         <kind>archive</kind>
         <file>rts430x_lc_sd_eabi.lib</file>
         <name>boot_special.obj</name>
      </input_file>
      <input_file id="fl-2b">
         <path>C:\ti\ccs700\ccsv7\tools\compiler\ti-cgt-msp430_16.9.0.LTS\lib\</path>
         <kind>archive</kind>
         <file>rts430x_lc_sd_eabi.lib</file>
         <name>copy_decompress_lzss.obj</name>
      </input_file>
      <input_file id="fl-2c">
         <path>C:\ti\ccs700\ccsv7\tools\compiler\ti-cgt-msp430_16.9.0.LTS\lib\</path>
         <kind>archive</kind>
         <file>rts430x_lc_sd_eabi.lib</file>
         <name>copy_decompress_none.obj</name>
      </input_file>
      <input_file id="fl-2d">
         <path>C:\ti\ccs700\ccsv7\tools\compiler\ti-cgt-msp430_16.9.0.LTS\lib\</path>
         <kind>archive</kind>
         <file>rts430x_lc_sd_eabi.lib</file>
         <name>copy_zero_init.obj</name>
      </input_file>
      <input_file id="fl-2e">
         <path>C:\ti\ccs700\ccsv7\tools\compiler\ti-cgt-msp430_16.9.0.LTS\lib\</path>
         <kind>archive</kind>
         <file>rts430x_lc_sd_eabi.lib</file>
         <name>cpy_util.obj</name>
      </input_file>
      <input_file id="fl-2f">
         <path>C:\ti\ccs700\ccsv7\tools\compiler\ti-cgt-msp430_16.9.0.LTS\lib\</path>
         <kind>archive</kind>
         <file>rts430x_lc_sd_eabi.lib</file>
         <name>exit.obj</name>
      </input_file>
      <input_file id="fl-30">
         <path>C:\ti\ccs700\ccsv7\tools\compiler\ti-cgt-msp430_16.9.0.LTS\lib\</path>
         <kind>archive</kind>
         <file>rts430x_lc_sd_eabi.lib</file>
         <name>exit_gvars.obj</name>
      </input_file>
      <input_file id="fl-31">
         <path>C:\ti\ccs700\ccsv7\tools\compiler\ti-cgt-msp430_16.9.0.LTS\lib\</path>
         <kind>archive</kind>
         <file>rts430x_lc_sd_eabi.lib</file>
         <name>int45.obj</name>
      </input_file>
      <input_file id="fl-32">
         <path>C:\ti\ccs700\ccsv7\tools\compiler\ti-cgt-msp430_16.9.0.LTS\lib\</path>
         <kind>archive</kind>
         <file>rts430x_lc_sd_eabi.lib</file>
         <name>int46.obj</name>
      </input_file>
      <input_file id="fl-33">
         <path>C:\ti\ccs700\ccsv7\tools\compiler\ti-cgt-msp430_16.9.0.LTS\lib\</path>
         <kind>archive</kind>
         <file>rts430x_lc_sd_eabi.lib</file>
         <name>int47.obj</name>
      </input_file>
      <input_file id="fl-34">
         <path>C:\ti\ccs700\ccsv7\tools\compiler\ti-cgt-msp430_16.9.0.LTS\lib\</path>
         <kind>archive</kind>
         <file>rts430x_lc_sd_eabi.lib</file>
         <name>int48.obj</name>
      </input_file>
      <input_file id="fl-35">
         <path>C:\ti\ccs700\ccsv7\tools\compiler\ti-cgt-msp430_16.9.0.LTS\lib\</path>
         <kind>archive</kind>
         <file>rts430x_lc_sd_eabi.lib</file>
         <name>int49.obj</name>
      </input_file>
      <input_file id="fl-36">
         <path>C:\ti\ccs700\ccsv7\tools\compiler\ti-cgt-msp430_16.9.0.LTS\lib\</path>
         <kind>archive</kind>
         <file>rts430x_lc_sd_eabi.lib</file>
         <name>int50.obj</name>
      </input_file>
      <input_file id="fl-37">
         <path>C:\ti\ccs700\ccsv7\tools\compiler\ti-cgt-msp430_16.9.0.LTS\lib\</path>
         <kind>archive</kind>
         <file>rts430x_lc_sd_eabi.lib</file>
         <name>int51.obj</name>
      </input_file>
      <input_file id="fl-38">
         <path>C:\ti\ccs700\ccsv7\tools\compiler\ti-cgt-msp430_16.9.0.LTS\lib\</path>
         <kind>archive</kind>
         <file>rts430x_lc_sd_eabi.lib</file>
         <name>int52.obj</name>
      </input_file>
      <input_file id="fl-39">
         <path>C:\ti\ccs700\ccsv7\tools\compiler\ti-cgt-msp430_16.9.0.LTS\lib\</path>
         <kind>archive</kind>
         <file>rts430x_lc_sd_eabi.lib</file>
         <name>int53.obj</name>
      </input_file>
      <input_file id="fl-3a">
         <path>C:\ti\ccs700\ccsv7\tools\compiler\ti-cgt-msp430_16.9.0.LTS\lib\</path>
         <kind>archive</kind>
         <file>rts430x_lc_sd_eabi.lib</file>
         <name>int54.obj</name>
      </input_file>
      <input_file id="fl-3b">
         <path>C:\ti\ccs700\ccsv7\tools\compiler\ti-cgt-msp430_16.9.0.LTS\lib\</path>
         <kind>archive</kind>
         <file>rts430x_lc_sd_eabi.lib</file>
         <name>int55.obj</name>
      </input_file>
      <input_file id="fl-3c">
         <path>C:\ti\ccs700\ccsv7\tools\compiler\ti-cgt-msp430_16.9.0.LTS\lib\</path>
         <kind>archive</kind>
         <file>rts430x_lc_sd_eabi.lib</file>
         <name>int56.obj</name>
      </input_file>
      <input_file id="fl-3d">
         <path>C:\ti\ccs700\ccsv7\tools\compiler\ti-cgt-msp430_16.9.0.LTS\lib\</path>
         <kind>archive</kind>
         <file>rts430x_lc_sd_eabi.lib</file>
         <name>int58.obj</name>
      </input_file>
      <input_file id="fl-3e">
         <path>C:\ti\ccs700\ccsv7\tools\compiler\ti-cgt-msp430_16.9.0.LTS\lib\</path>
         <kind>archive</kind>
         <file>rts430x_lc_sd_eabi.lib</file>
         <name>int60.obj</name>
      </input_file>
      <input_file id="fl-3f">
         <path>C:\ti\ccs700\ccsv7\tools\compiler\ti-cgt-msp430_16.9.0.LTS\lib\</path>
         <kind>archive</kind>
         <file>rts430x_lc_sd_eabi.lib</file>
         <name>int61.obj</name>
      </input_file>
      <input_file id="fl-40">
         <path>C:\ti\ccs700\ccsv7\tools\compiler\ti-cgt-msp430_16.9.0.LTS\lib\</path>
         <kind>archive</kind>
         <file>rts430x_lc_sd_eabi.lib</file>
         <name>int62.obj</name>
      </input_file>
      <input_file id="fl-41">
         <path>C:\ti\ccs700\ccsv7\tools\compiler\ti-cgt-msp430_16.9.0.LTS\lib\</path>
         <kind>archive</kind>
         <file>rts430x_lc_sd_eabi.lib</file>
         <name>isr_trap.obj</name>
      </input_file>
      <input_file id="fl-42">
         <path>C:\ti\ccs700\ccsv7\tools\compiler\ti-cgt-msp430_16.9.0.LTS\lib\</path>
         <kind>archive</kind>
         <file>rts430x_lc_sd_eabi.lib</file>
         <name>memcpy.obj</name>
      </input_file>
      <input_file id="fl-43">
         <path>C:\ti\ccs700\ccsv7\tools\compiler\ti-cgt-msp430_16.9.0.LTS\lib\</path>
         <kind>archive</kind>
         <file>rts430x_lc_sd_eabi.lib</file>
         <name>mpu_init.obj</name>
      </input_file>
      <input_file id="fl-44">
         <path>C:\ti\ccs700\ccsv7\tools\compiler\ti-cgt-msp430_16.9.0.LTS\lib\</path>
         <kind>archive</kind>
         <file>rts430x_lc_sd_eabi.lib</file>
         <name>mult16.obj</name>
      </input_file>
      <input_file id="fl-45">
         <path>C:\ti\ccs700\ccsv7\tools\compiler\ti-cgt-msp430_16.9.0.LTS\lib\</path>
         <kind>archive</kind>
         <file>rts430x_lc_sd_eabi.lib</file>
         <name>mult1632_f5hw.obj</name>
      </input_file>
      <input_file id="fl-46">
         <path>C:\ti\ccs700\ccsv7\tools\compiler\ti-cgt-msp430_16.9.0.LTS\lib\</path>
         <kind>archive</kind>
         <file>rts430x_lc_sd_eabi.lib</file>
         <name>mult16_f5hw.obj</name>
      </input_file>
      <input_file id="fl-47">
         <path>C:\ti\ccs700\ccsv7\tools\compiler\ti-cgt-msp430_16.9.0.LTS\lib\</path>
         <kind>archive</kind>
         <file>rts430x_lc_sd_eabi.lib</file>
         <name>mult3264_f5hw.obj</name>
      </input_file>
      <input_file id="fl-48">
         <path>C:\ti\ccs700\ccsv7\tools\compiler\ti-cgt-msp430_16.9.0.LTS\lib\</path>
         <kind>archive</kind>
         <file>rts430x_lc_sd_eabi.lib</file>
         <name>mult32_f5hw.obj</name>
      </input_file>
      <input_file id="fl-49">
         <path>C:\ti\ccs700\ccsv7\tools\compiler\ti-cgt-msp430_16.9.0.LTS\lib\</path>
         <kind>archive</kind>
         <file>rts430x_lc_sd_eabi.lib</file>
         <name>mult64_f5hw.obj</name>
      </input_file>
      <input_file id="fl-4a">
         <path>C:\ti\ccs700\ccsv7\tools\compiler\ti-cgt-msp430_16.9.0.LTS\lib\</path>
         <kind>archive</kind>
         <file>rts430x_lc_sd_eabi.lib</file>
         <name>pre_init.obj</name>
      </input_file>
      <input_file id="fl-4b">
         <path>C:\ti\ccs700\ccsv7\tools\compiler\ti-cgt-msp430_16.9.0.LTS\lib\</path>
         <kind>archive</kind>
         <file>rts430x_lc_sd_eabi.lib</file>
         <name>printf.obj</name>
      </input_file>
      <input_file id="fl-4c">
         <path>C:\ti\ccs700\ccsv7\tools\compiler\ti-cgt-msp430_16.9.0.LTS\lib\</path>
         <kind>archive</kind>
         <file>rts430x_lc_sd_eabi.lib</file>
         <name>sprintf.obj</name>
      </input_file>
      <input_file id="fl-4d">
         <path>C:\ti\ccs700\ccsv7\tools\compiler\ti-cgt-msp430_16.9.0.LTS\lib\</path>
         <kind>archive</kind>
         <file>rts430x_lc_sd_eabi.lib</file>
         <name>strchr.obj</name>
      </input_file>
      <input_file id="fl-4e">
         <path>C:\ti\ccs700\ccsv7\tools\compiler\ti-cgt-msp430_16.9.0.LTS\lib\</path>
         <kind>archive</kind>
         <file>rts430x_lc_sd_eabi.lib</file>
         <name>strlen.obj</name>
      </input_file>
      <input_file id="fl-4f">
         <path>C:\ti\ccs700\ccsv7\tools\compiler\ti-cgt-msp430_16.9.0.LTS\lib\</path>
         <kind>archive</kind>
         <file>rts430x_lc_sd_eabi.lib</file>
         <name>strstr.obj</name>
      </input_file>
      <input_file id="fl-50">
         <path>C:\ti\ccs700\ccsv7\tools\compiler\ti-cgt-msp430_16.9.0.LTS\lib\</path>
         <kind>archive</kind>
         <file>rts430x_lc_sd_eabi.lib</file>
         <name>strtoul.obj</name>
      </input_file>
      <input_file id="fl-51">
         <path>C:\ti\ccs700\ccsv7\tools\compiler\ti-cgt-msp430_16.9.0.LTS\lib\</path>
         <kind>archive</kind>
         <file>rts430x_lc_sd_eabi.lib</file>
         <name>_lock.obj</name>
      </input_file>
      <input_file id="fl-52">
         <path>C:\ti\ccs700\ccsv7\tools\compiler\ti-cgt-msp430_16.9.0.LTS\lib\</path>
         <kind>archive</kind>
         <file>rts430x_lc_sd_eabi.lib</file>
         <name>_printfi_min.obj</name>
      </input_file>
      <input_file id="fl-53">
         <path>C:\ti\ccs700\ccsv7\tools\compiler\ti-cgt-msp430_16.9.0.LTS\lib\</path>
         <kind>archive</kind>
         <file>rts430x_lc_sd_eabi.lib</file>
         <name>args_main.obj</name>
      </input_file>
      <input_file id="fl-54">
         <path>C:\ti\ccs700\ccsv7\tools\compiler\ti-cgt-msp430_16.9.0.LTS\lib\</path>
         <kind>archive</kind>
         <file>rts430x_lc_sd_eabi.lib</file>
         <name>autoinit_wdt.obj</name>
      </input_file>
      <input_file id="fl-55">
         <path>C:\ti\ccs700\ccsv7\tools\compiler\ti-cgt-msp430_16.9.0.LTS\lib\</path>
         <kind>archive</kind>
         <file>rts430x_lc_sd_eabi.lib</file>
         <name>cpy_tbl.obj</name>
      </input_file>
      <input_file id="fl-56">
         <path>C:\ti\ccs700\ccsv7\tools\compiler\ti-cgt-msp430_16.9.0.LTS\lib\</path>
         <kind>archive</kind>
         <file>rts430x_lc_sd_eabi.lib</file>
         <name>ctype.obj</name>
      </input_file>
      <input_file id="fl-57">
         <path>C:\ti\ccs700\ccsv7\tools\compiler\ti-cgt-msp430_16.9.0.LTS\lib\</path>
         <kind>archive</kind>
         <file>rts430x_lc_sd_eabi.lib</file>
         <name>defs.obj</name>
      </input_file>
      <input_file id="fl-58">
         <path>C:\ti\ccs700\ccsv7\tools\compiler\ti-cgt-msp430_16.9.0.LTS\lib\</path>
         <kind>archive</kind>
         <file>rts430x_lc_sd_eabi.lib</file>
         <name>div16u.obj</name>
      </input_file>
      <input_file id="fl-59">
         <path>C:\ti\ccs700\ccsv7\tools\compiler\ti-cgt-msp430_16.9.0.LTS\lib\</path>
         <kind>archive</kind>
         <file>rts430x_lc_sd_eabi.lib</file>
         <name>div32u.obj</name>
      </input_file>
      <input_file id="fl-5a">
         <path>C:\ti\ccs700\ccsv7\tools\compiler\ti-cgt-msp430_16.9.0.LTS\lib\</path>
         <kind>archive</kind>
         <file>rts430x_lc_sd_eabi.lib</file>
         <name>errno.obj</name>
      </input_file>
      <input_file id="fl-5b">
         <path>C:\ti\ccs700\ccsv7\tools\compiler\ti-cgt-msp430_16.9.0.LTS\lib\</path>
         <kind>archive</kind>
         <file>rts430x_lc_sd_eabi.lib</file>
         <name>fputc.obj</name>
      </input_file>
      <input_file id="fl-5c">
         <path>C:\ti\ccs700\ccsv7\tools\compiler\ti-cgt-msp430_16.9.0.LTS\lib\</path>
         <kind>archive</kind>
         <file>rts430x_lc_sd_eabi.lib</file>
         <name>fputs.obj</name>
      </input_file>
      <input_file id="fl-5d">
         <path>C:\ti\ccs700\ccsv7\tools\compiler\ti-cgt-msp430_16.9.0.LTS\lib\</path>
         <kind>archive</kind>
         <file>rts430x_lc_sd_eabi.lib</file>
         <name>lowlev.obj</name>
      </input_file>
      <input_file id="fl-5e">
         <path>C:\ti\ccs700\ccsv7\tools\compiler\ti-cgt-msp430_16.9.0.LTS\lib\</path>
         <kind>archive</kind>
         <file>rts430x_lc_sd_eabi.lib</file>
         <name>lsr64.obj</name>
      </input_file>
      <input_file id="fl-5f">
         <path>C:\ti\ccs700\ccsv7\tools\compiler\ti-cgt-msp430_16.9.0.LTS\lib\</path>
         <kind>archive</kind>
         <file>rts430x_lc_sd_eabi.lib</file>
         <name>memccpy.obj</name>
      </input_file>
      <input_file id="fl-60">
         <path>C:\ti\ccs700\ccsv7\tools\compiler\ti-cgt-msp430_16.9.0.LTS\lib\</path>
         <kind>archive</kind>
         <file>rts430x_lc_sd_eabi.lib</file>
         <name>memchr.obj</name>
      </input_file>
      <input_file id="fl-61">
         <path>C:\ti\ccs700\ccsv7\tools\compiler\ti-cgt-msp430_16.9.0.LTS\lib\</path>
         <kind>archive</kind>
         <file>rts430x_lc_sd_eabi.lib</file>
         <name>memset.obj</name>
      </input_file>
      <input_file id="fl-62">
         <path>C:\ti\ccs700\ccsv7\tools\compiler\ti-cgt-msp430_16.9.0.LTS\lib\</path>
         <kind>archive</kind>
         <file>rts430x_lc_sd_eabi.lib</file>
         <name>mult32.obj</name>
      </input_file>
      <input_file id="fl-63">
         <path>C:\ti\ccs700\ccsv7\tools\compiler\ti-cgt-msp430_16.9.0.LTS\lib\</path>
         <kind>archive</kind>
         <file>rts430x_lc_sd_eabi.lib</file>
         <name>startup.obj</name>
      </input_file>
      <input_file id="fl-64">
         <path>C:\ti\ccs700\ccsv7\tools\compiler\ti-cgt-msp430_16.9.0.LTS\lib\</path>
         <kind>archive</kind>
         <file>rts430x_lc_sd_eabi.lib</file>
         <name>strcmp.obj</name>
      </input_file>
      <input_file id="fl-65">
         <path>C:\ti\ccs700\ccsv7\tools\compiler\ti-cgt-msp430_16.9.0.LTS\lib\</path>
         <kind>archive</kind>
         <file>rts430x_lc_sd_eabi.lib</file>
         <name>strncpy.obj</name>
      </input_file>
      <input_file id="fl-66">
         <path>C:\ti\ccs700\ccsv7\tools\compiler\ti-cgt-msp430_16.9.0.LTS\lib\</path>
         <kind>archive</kind>
         <file>rts430x_lc_sd_eabi.lib</file>
         <name>trgdrv.obj</name>
      </input_file>
      <input_file id="fl-67">
         <path>C:\ti\ccs700\ccsv7\tools\compiler\ti-cgt-msp430_16.9.0.LTS\lib\</path>
         <kind>archive</kind>
         <file>rts430x_lc_sd_eabi.lib</file>
         <name>trgmsg.obj</name>
      </input_file>
      <input_file id="fl-68">
         <path>C:\ti\ccs700\ccsv7\tools\compiler\ti-cgt-msp430_16.9.0.LTS\lib\</path>
         <kind>archive</kind>
         <file>rts430x_lc_sd_eabi.lib</file>
         <name>_io_perm.obj</name>
      </input_file>
      <input_file id="fl-69">
         <path>C:\ti\ccs700\ccsv7\tools\compiler\ti-cgt-msp430_16.9.0.LTS\lib\</path>
         <kind>archive</kind>
         <file>rts430x_lc_sd_eabi.lib</file>
         <name>asr32.obj</name>
      </input_file>
      <input_file id="fl-6a">
         <path>C:\ti\ccs700\ccsv7\tools\compiler\ti-cgt-msp430_16.9.0.LTS\lib\</path>
         <kind>archive</kind>
         <file>rts430x_lc_sd_eabi.lib</file>
         <name>fflush.obj</name>
      </input_file>
      <input_file id="fl-6b">
         <path>C:\ti\ccs700\ccsv7\tools\compiler\ti-cgt-msp430_16.9.0.LTS\lib\</path>
         <kind>archive</kind>
         <file>rts430x_lc_sd_eabi.lib</file>
         <name>fseek.obj</name>
      </input_file>
      <input_file id="fl-6c">
         <path>C:\ti\ccs700\ccsv7\tools\compiler\ti-cgt-msp430_16.9.0.LTS\lib\</path>
         <kind>archive</kind>
         <file>rts430x_lc_sd_eabi.lib</file>
         <name>lsl32.obj</name>
      </input_file>
      <input_file id="fl-6d">
         <path>C:\ti\ccs700\ccsv7\tools\compiler\ti-cgt-msp430_16.9.0.LTS\lib\</path>
         <kind>archive</kind>
         <file>rts430x_lc_sd_eabi.lib</file>
         <name>setvbuf.obj</name>
      </input_file>
      <input_file id="fl-6e">
         <path>C:\ti\ccs700\ccsv7\tools\compiler\ti-cgt-msp430_16.9.0.LTS\lib\</path>
         <kind>archive</kind>
         <file>rts430x_lc_sd_eabi.lib</file>
         <name>strcpy.obj</name>
      </input_file>
      <input_file id="fl-6f">
         <path>C:\ti\ccs700\ccsv7\tools\compiler\ti-cgt-msp430_16.9.0.LTS\lib\</path>
         <kind>archive</kind>
         <file>rts430x_lc_sd_eabi.lib</file>
         <name>fopen.obj</name>
      </input_file>
      <input_file id="fl-70">
         <path>C:\ti\ccs700\ccsv7\tools\compiler\ti-cgt-msp430_16.9.0.LTS\lib\</path>
         <kind>archive</kind>
         <file>rts430x_lc_sd_eabi.lib</file>
         <name>memory.obj</name>
      </input_file>
      <input_file id="fl-71">
         <path>C:\ti\ccs700\ccsv7\tools\compiler\ti-cgt-msp430_16.9.0.LTS\lib\</path>
         <kind>archive</kind>
         <file>rts430x_lc_sd_eabi.lib</file>
         <name>fclose.obj</name>
      </input_file>
      <input_file id="fl-72">
         <path>C:\ti\ccs700\ccsv7\tools\compiler\ti-cgt-msp430_16.9.0.LTS\lib\</path>
         <kind>archive</kind>
         <file>rts430x_lc_sd_eabi.lib</file>
         <name>remove.obj</name>
      </input_file>
   </input_file_list>
   <object_component_list>
      <object_component id="oc-576">
         <name>.bss</name>
         <uninitialized>true</uninitialized>
         <run_address>0x250a</run_address>
         <size>0x2</size>
         <input_file_ref idref="fl-5"/>
      </object_component>
      <object_component id="oc-577">
         <name>.bss:Ans$2</name>
         <uninitialized>true</uninitialized>
         <run_address>0x24c0</run_address>
         <size>0x1c</size>
         <input_file_ref idref="fl-5"/>
      </object_component>
      <object_component id="oc-5c6">
         <name>.bss:TxBuff$1</name>
         <uninitialized>true</uninitialized>
         <run_address>0x2218</run_address>
         <size>0xd2</size>
         <input_file_ref idref="fl-6"/>
      </object_component>
      <object_component id="oc-74a">
         <name>.bss:parmbuf</name>
         <uninitialized>true</uninitialized>
         <run_address>0x24f8</run_address>
         <size>0x8</size>
         <input_file_ref idref="fl-66"/>
      </object_component>
      <object_component id="oc-6e3">
         <name>.bss</name>
         <uninitialized>true</uninitialized>
         <run_address>0x2500</run_address>
         <size>0x6</size>
         <input_file_ref idref="fl-70"/>
      </object_component>
      <object_component id="oc-5e8">
         <name>.common:lifo</name>
         <uninitialized>true</uninitialized>
         <run_address>0x1c00</run_address>
         <size>0x618</size>
      </object_component>
      <object_component id="oc-5e7">
         <name>.common:LHead</name>
         <uninitialized>true</uninitialized>
         <run_address>0x250c</run_address>
         <size>0x2</size>
      </object_component>
      <object_component id="oc-58e">
         <name>.common:LLastHead</name>
         <uninitialized>true</uninitialized>
         <run_address>0x250e</run_address>
         <size>0x2</size>
      </object_component>
      <object_component id="oc-520">
         <name>.common:OnlineData</name>
         <uninitialized>true</uninitialized>
         <run_address>0x24dc</run_address>
         <size>0x1c</size>
      </object_component>
      <object_component id="oc-4e5">
         <name>.common:OnlineReady</name>
         <uninitialized>true</uninitialized>
         <run_address>0x2520</run_address>
         <size>0x1</size>
      </object_component>
      <object_component id="oc-4df">
         <name>.common:RcvBuff</name>
         <uninitialized>true</uninitialized>
         <run_address>0x22ea</run_address>
         <size>0xd2</size>
      </object_component>
      <object_component id="oc-4e2">
         <name>.common:rlen</name>
         <uninitialized>true</uninitialized>
         <run_address>0x2518</run_address>
         <size>0x2</size>
      </object_component>
      <object_component id="oc-458">
         <name>.common:SRcvBuff</name>
         <uninitialized>true</uninitialized>
         <run_address>0x245c</run_address>
         <size>0x64</size>
      </object_component>
      <object_component id="oc-453">
         <name>.common:SBuffSize</name>
         <uninitialized>true</uninitialized>
         <run_address>0x2512</run_address>
         <size>0x2</size>
      </object_component>
      <object_component id="oc-457">
         <name>.common:SHead</name>
         <uninitialized>true</uninitialized>
         <run_address>0x2514</run_address>
         <size>0x2</size>
      </object_component>
      <object_component id="oc-4e9">
         <name>.common:STail</name>
         <uninitialized>true</uninitialized>
         <run_address>0x2516</run_address>
         <size>0x2</size>
      </object_component>
      <object_component id="oc-456">
         <name>.common:LastHead</name>
         <uninitialized>true</uninitialized>
         <run_address>0x2510</run_address>
         <size>0x2</size>
      </object_component>
      <object_component id="oc-4ea">
         <name>.common:fl_sl</name>
         <uninitialized>true</uninitialized>
         <run_address>0x2522</run_address>
         <size>0x1</size>
      </object_component>
      <object_component id="oc-40b">
         <name>.common:t1</name>
         <uninitialized>true</uninitialized>
         <run_address>0x251e</run_address>
         <size>0x2</size>
      </object_component>
      <object_component id="oc-40e">
         <name>.common:spitimer</name>
         <uninitialized>true</uninitialized>
         <run_address>0x251c</run_address>
         <size>0x2</size>
      </object_component>
      <object_component id="oc-40f">
         <name>.common:sendtimer</name>
         <uninitialized>true</uninitialized>
         <run_address>0x251a</run_address>
         <size>0x2</size>
      </object_component>
      <object_component id="oc-512">
         <name>.common:bcl</name>
         <uninitialized>true</uninitialized>
         <run_address>0x2521</run_address>
         <size>0x1</size>
      </object_component>
      <object_component id="oc-4e4">
         <name>.common:dt</name>
         <uninitialized>true</uninitialized>
         <run_address>0x2506</run_address>
         <size>0x4</size>
      </object_component>
      <object_component id="oc-73f">
         <name>.common:__TI_tmpnams</name>
         <uninitialized>true</uninitialized>
         <run_address>0x23bc</run_address>
         <size>0xa0</size>
      </object_component>
      <object_component id="oc-519">
         <name>.data</name>
         <load_address>0x27e4</load_address>
         <run_address>0x27e4</run_address>
         <size>0x1</size>
         <input_file_ref idref="fl-3"/>
      </object_component>
      <object_component id="oc-50d">
         <name>.data</name>
         <load_address>0x27e5</load_address>
         <run_address>0x27e5</run_address>
         <size>0x1</size>
         <input_file_ref idref="fl-7"/>
      </object_component>
      <object_component id="oc-427">
         <name>.data</name>
         <load_address>0x27e0</load_address>
         <run_address>0x27e0</run_address>
         <size>0x2</size>
         <input_file_ref idref="fl-2f"/>
      </object_component>
      <object_component id="oc-430">
         <name>.data:__TI_cleanup_ptr</name>
         <load_address>0x27cc</load_address>
         <run_address>0x27cc</run_address>
         <size>0x4</size>
         <input_file_ref idref="fl-30"/>
      </object_component>
      <object_component id="oc-42d">
         <name>.data:__TI_dtors_ptr</name>
         <load_address>0x27d0</load_address>
         <run_address>0x27d0</run_address>
         <size>0x4</size>
         <input_file_ref idref="fl-30"/>
      </object_component>
      <object_component id="oc-42a">
         <name>.data:_lock</name>
         <load_address>0x27d4</load_address>
         <run_address>0x27d4</run_address>
         <size>0x4</size>
         <input_file_ref idref="fl-51"/>
      </object_component>
      <object_component id="oc-433">
         <name>.data:_unlock</name>
         <load_address>0x27d8</load_address>
         <run_address>0x27d8</run_address>
         <size>0x4</size>
         <input_file_ref idref="fl-51"/>
      </object_component>
      <object_component id="oc-528">
         <name>.data:_ftable</name>
         <load_address>0x272c</load_address>
         <run_address>0x272c</run_address>
         <size>0x78</size>
         <input_file_ref idref="fl-57"/>
      </object_component>
      <object_component id="oc-6f7">
         <name>.data</name>
         <load_address>0x27dc</load_address>
         <run_address>0x27dc</run_address>
         <size>0x2</size>
         <input_file_ref idref="fl-57"/>
      </object_component>
      <object_component id="oc-6d9">
         <name>.data</name>
         <load_address>0x27de</load_address>
         <run_address>0x27de</run_address>
         <size>0x2</size>
         <input_file_ref idref="fl-5a"/>
      </object_component>
      <object_component id="oc-6b4">
         <name>.data:_device</name>
         <load_address>0x26b4</load_address>
         <run_address>0x26b4</run_address>
         <size>0x78</size>
         <input_file_ref idref="fl-5d"/>
      </object_component>
      <object_component id="oc-663">
         <name>.data:_stream</name>
         <load_address>0x27a4</load_address>
         <run_address>0x27a4</run_address>
         <size>0x28</size>
         <input_file_ref idref="fl-5d"/>
      </object_component>
      <object_component id="oc-6e7">
         <name>.data</name>
         <load_address>0x27e2</load_address>
         <run_address>0x27e2</run_address>
         <size>0x2</size>
         <input_file_ref idref="fl-70"/>
      </object_component>
      <object_component id="oc-391">
         <name>.sysmem</name>
         <uninitialized>true</uninitialized>
         <run_address>0x2524</run_address>
         <size>0x4</size>
         <input_file_ref idref="fl-70"/>
      </object_component>
      <object_component id="oc-818">
         <name>.sysmem</name>
         <uninitialized>true</uninitialized>
         <run_address>0x2524</run_address>
         <size>0x0</size>
      </object_component>
      <object_component id="oc-38d">
         <name>.stack</name>
         <uninitialized>true</uninitialized>
         <run_address>0x2bac</run_address>
         <size>0x2</size>
         <input_file_ref idref="fl-29"/>
      </object_component>
      <object_component id="oc-817">
         <name>.stack</name>
         <uninitialized>true</uninitialized>
         <run_address>0x2bac</run_address>
         <size>0x0</size>
      </object_component>
      <object_component id="oc-681">
         <name>.text:strtoul</name>
         <load_address>0x8000</load_address>
         <run_address>0x8000</run_address>
         <size>0x194</size>
         <input_file_ref idref="fl-50"/>
      </object_component>
      <object_component id="oc-5ab">
         <name>.text:_setfield</name>
         <load_address>0x8194</load_address>
         <run_address>0x8194</run_address>
         <size>0x10e</size>
         <input_file_ref idref="fl-52"/>
      </object_component>
      <object_component id="oc-4c2">
         <name>.text:SendData</name>
         <load_address>0x82a2</load_address>
         <run_address>0x82a2</run_address>
         <size>0xfc</size>
         <input_file_ref idref="fl-3"/>
      </object_component>
      <object_component id="oc-68">
         <name>.text:decompress:lzss:__TI_decompress_lzss</name>
         <load_address>0x839e</load_address>
         <run_address>0x839e</run_address>
         <size>0xee</size>
         <input_file_ref idref="fl-2b"/>
      </object_component>
      <object_component id="oc-507">
         <name>.text:SParseBuffer</name>
         <load_address>0x848c</load_address>
         <run_address>0x848c</run_address>
         <size>0xec</size>
         <input_file_ref idref="fl-5"/>
      </object_component>
      <object_component id="oc-4b5">
         <name>.text:modem_start</name>
         <load_address>0x8578</load_address>
         <run_address>0x8578</run_address>
         <size>0xea</size>
         <input_file_ref idref="fl-3"/>
      </object_component>
      <object_component id="oc-59d">
         <name>.text:fputs</name>
         <load_address>0x8662</load_address>
         <run_address>0x8662</run_address>
         <size>0xde</size>
         <input_file_ref idref="fl-5c"/>
      </object_component>
      <object_component id="oc-537">
         <name>.text:__TI_printfi_minimal</name>
         <load_address>0x8740</load_address>
         <run_address>0x8740</run_address>
         <size>0xda</size>
         <input_file_ref idref="fl-52"/>
      </object_component>
      <object_component id="oc-657">
         <name>.text:setvbuf</name>
         <load_address>0x881a</load_address>
         <run_address>0x881a</run_address>
         <size>0xcc</size>
         <input_file_ref idref="fl-6d"/>
      </object_component>
      <object_component id="oc-617">
         <name>.text:_pproc_diouxp</name>
         <load_address>0x88e6</load_address>
         <run_address>0x88e6</run_address>
         <size>0xc4</size>
         <input_file_ref idref="fl-52"/>
      </object_component>
      <object_component id="oc-412">
         <name>.text:copy_in</name>
         <load_address>0x89aa</load_address>
         <run_address>0x89aa</run_address>
         <size>0xb2</size>
         <input_file_ref idref="fl-55"/>
      </object_component>
      <object_component id="oc-69b">
         <name>.text:malloc</name>
         <load_address>0x8a5c</load_address>
         <run_address>0x8a5c</run_address>
         <size>0xae</size>
         <input_file_ref idref="fl-70"/>
      </object_component>
      <object_component id="oc-715">
         <name>.text:HOSTlseek</name>
         <load_address>0x8b0a</load_address>
         <run_address>0x8b0a</run_address>
         <size>0x9c</size>
         <input_file_ref idref="fl-66"/>
      </object_component>
      <object_component id="oc-3c8">
         <name>.text:_auto_init_hold_wdt</name>
         <load_address>0x8ba6</load_address>
         <run_address>0x8ba6</run_address>
         <size>0x96</size>
         <input_file_ref idref="fl-54"/>
      </object_component>
      <object_component id="oc-5a4">
         <name>.text:fputc</name>
         <load_address>0x8c3c</load_address>
         <run_address>0x8c3c</run_address>
         <size>0x8c</size>
         <input_file_ref idref="fl-5b"/>
      </object_component>
      <object_component id="oc-500">
         <name>.text:modem_send_data</name>
         <load_address>0x8cc8</load_address>
         <run_address>0x8cc8</run_address>
         <size>0x8c</size>
         <input_file_ref idref="fl-3"/>
      </object_component>
      <object_component id="oc-5ca">
         <name>.text:ParseBuffer</name>
         <load_address>0x8d54</load_address>
         <run_address>0x8d54</run_address>
         <size>0x88</size>
         <input_file_ref idref="fl-4"/>
      </object_component>
      <object_component id="oc-4a3">
         <name>.text:dma_init</name>
         <load_address>0x8ddc</load_address>
         <run_address>0x8ddc</run_address>
         <size>0x82</size>
         <input_file_ref idref="fl-6"/>
      </object_component>
      <object_component id="oc-695">
         <name>.text:free</name>
         <load_address>0x8e5e</load_address>
         <run_address>0x8e5e</run_address>
         <size>0x80</size>
         <input_file_ref idref="fl-70"/>
      </object_component>
      <object_component id="oc-5f4">
         <name>.text:__TI_wrt_ok</name>
         <load_address>0x8ede</load_address>
         <run_address>0x8ede</run_address>
         <size>0x7a</size>
         <input_file_ref idref="fl-68"/>
      </object_component>
      <object_component id="oc-51a">
         <name>.text:UseLifo</name>
         <load_address>0x8f58</load_address>
         <run_address>0x8f58</run_address>
         <size>0x6e</size>
         <input_file_ref idref="fl-2"/>
      </object_component>
      <object_component id="oc-721">
         <name>.text:HOSTrename</name>
         <load_address>0x8fc6</load_address>
         <run_address>0x8fc6</run_address>
         <size>0x6a</size>
         <input_file_ref idref="fl-66"/>
      </object_component>
      <object_component id="oc-651">
         <name>.text:fseek</name>
         <load_address>0x9030</load_address>
         <run_address>0x9030</run_address>
         <size>0x6a</size>
         <input_file_ref idref="fl-6b"/>
      </object_component>
      <object_component id="oc-6f1">
         <name>.text:__TI_closefile</name>
         <load_address>0x909a</load_address>
         <run_address>0x909a</run_address>
         <size>0x68</size>
         <input_file_ref idref="fl-71"/>
      </object_component>
      <object_component id="oc-6fd">
         <name>.text:HOSTopen</name>
         <load_address>0x9102</load_address>
         <run_address>0x9102</run_address>
         <size>0x64</size>
         <input_file_ref idref="fl-66"/>
      </object_component>
      <object_component id="oc-600">
         <name>.text:__TI_doflush</name>
         <load_address>0x9166</load_address>
         <run_address>0x9166</run_address>
         <size>0x62</size>
         <input_file_ref idref="fl-6a"/>
      </object_component>
      <object_component id="oc-70f">
         <name>.text:HOSTwrite</name>
         <load_address>0x91c8</load_address>
         <run_address>0x91c8</run_address>
         <size>0x60</size>
         <input_file_ref idref="fl-66"/>
      </object_component>
      <object_component id="oc-709">
         <name>.text:HOSTread</name>
         <load_address>0x9228</load_address>
         <run_address>0x9228</run_address>
         <size>0x5e</size>
         <input_file_ref idref="fl-66"/>
      </object_component>
      <object_component id="oc-6d4">
         <name>.text</name>
         <load_address>0x9286</load_address>
         <run_address>0x9286</run_address>
         <size>0x58</size>
         <input_file_ref idref="fl-59"/>
      </object_component>
      <object_component id="oc-4a9">
         <name>.text:spi_init</name>
         <load_address>0x92de</load_address>
         <run_address>0x92de</run_address>
         <size>0x56</size>
         <input_file_ref idref="fl-8"/>
      </object_component>
      <object_component id="oc-774">
         <name>.text:getdevice</name>
         <load_address>0x9334</load_address>
         <run_address>0x9334</run_address>
         <size>0x54</size>
         <input_file_ref idref="fl-5d"/>
      </object_component>
      <object_component id="oc-584">
         <name>.text:Lifo_Add</name>
         <load_address>0x9388</load_address>
         <run_address>0x9388</run_address>
         <size>0x4c</size>
         <input_file_ref idref="fl-2"/>
      </object_component>
      <object_component id="oc-592">
         <name>.text:Lifo_Get</name>
         <load_address>0x93d4</load_address>
         <run_address>0x93d4</run_address>
         <size>0x4a</size>
         <input_file_ref idref="fl-2"/>
      </object_component>
      <object_component id="oc-739">
         <name>.text:close</name>
         <load_address>0x941e</load_address>
         <run_address>0x941e</run_address>
         <size>0x4a</size>
         <input_file_ref idref="fl-5d"/>
      </object_component>
      <object_component id="oc-3d4">
         <name>.text:exit</name>
         <load_address>0x9468</load_address>
         <run_address>0x9468</run_address>
         <size>0x48</size>
         <input_file_ref idref="fl-2f"/>
      </object_component>
      <object_component id="oc-703">
         <name>.text:HOSTclose</name>
         <load_address>0x94b0</load_address>
         <run_address>0x94b0</run_address>
         <size>0x46</size>
         <input_file_ref idref="fl-66"/>
      </object_component>
      <object_component id="oc-71b">
         <name>.text:HOSTunlink</name>
         <load_address>0x94f6</load_address>
         <run_address>0x94f6</run_address>
         <size>0x42</size>
         <input_file_ref idref="fl-66"/>
      </object_component>
      <object_component id="oc-39f">
         <name>.text:__memcpy_far</name>
         <load_address>0x9538</load_address>
         <run_address>0x9538</run_address>
         <size>0x40</size>
         <input_file_ref idref="fl-2e"/>
      </object_component>
      <object_component id="oc-4ee">
         <name>.text:printf</name>
         <load_address>0x9578</load_address>
         <run_address>0x9578</run_address>
         <size>0x40</size>
         <input_file_ref idref="fl-4b"/>
      </object_component>
      <object_component id="oc-86">
         <name>.text:decompress:ZI:__TI_zero_init</name>
         <load_address>0x95b8</load_address>
         <run_address>0x95b8</run_address>
         <size>0x3e</size>
         <input_file_ref idref="fl-2d"/>
      </object_component>
      <object_component id="oc-553">
         <name>.text:dma_rcv</name>
         <load_address>0x95f6</load_address>
         <run_address>0x95f6</run_address>
         <size>0x3e</size>
         <input_file_ref idref="fl-6"/>
      </object_component>
      <object_component id="oc-75e">
         <name>.text:l_asr_const</name>
         <load_address>0x9634</load_address>
         <run_address>0x9634</run_address>
         <size>0x3e</size>
         <input_file_ref idref="fl-69"/>
      </object_component>
      <object_component id="oc-763">
         <name>.text:l_lsl_const</name>
         <load_address>0x9672</load_address>
         <run_address>0x9672</run_address>
         <size>0x3e</size>
         <input_file_ref idref="fl-6c"/>
      </object_component>
      <object_component id="oc-6e">
         <name>.text:decompress:none:__TI_decompress_none</name>
         <load_address>0x96b0</load_address>
         <run_address>0x96b0</run_address>
         <size>0x3c</size>
         <input_file_ref idref="fl-2c"/>
      </object_component>
      <object_component id="oc-54d">
         <name>.text:delay</name>
         <load_address>0x96ec</load_address>
         <run_address>0x96ec</run_address>
         <size>0x3c</size>
         <input_file_ref idref="fl-7"/>
      </object_component>
      <object_component id="oc-6ea">
         <name>.text:minit</name>
         <load_address>0x9728</load_address>
         <run_address>0x9728</run_address>
         <size>0x38</size>
         <input_file_ref idref="fl-70"/>
      </object_component>
      <object_component id="oc-55d">
         <name>.text:sprintf</name>
         <load_address>0x9760</load_address>
         <run_address>0x9760</run_address>
         <size>0x38</size>
         <input_file_ref idref="fl-4c"/>
      </object_component>
      <object_component id="oc-570">
         <name>.text:SBGet</name>
         <load_address>0x9798</load_address>
         <run_address>0x9798</run_address>
         <size>0x36</size>
         <input_file_ref idref="fl-5"/>
      </object_component>
      <object_component id="oc-63d">
         <name>.text:strstr</name>
         <load_address>0x97ce</load_address>
         <run_address>0x97ce</run_address>
         <size>0x36</size>
         <input_file_ref idref="fl-4f"/>
      </object_component>
      <object_component id="oc-6a1">
         <name>.text:__TI_cleanup</name>
         <load_address>0x9804</load_address>
         <run_address>0x9804</run_address>
         <size>0x32</size>
         <input_file_ref idref="fl-6f"/>
      </object_component>
      <object_component id="oc-4bc">
         <name>.text:spi_task</name>
         <load_address>0x9836</load_address>
         <run_address>0x9836</run_address>
         <size>0x32</size>
         <input_file_ref idref="fl-7"/>
      </object_component>
      <object_component id="oc-547">
         <name>.text:dma_send</name>
         <load_address>0x9868</load_address>
         <run_address>0x9868</run_address>
         <size>0x30</size>
         <input_file_ref idref="fl-6"/>
      </object_component>
      <object_component id="oc-74d">
         <name>.text:__TI_writemsg</name>
         <load_address>0x9898</load_address>
         <run_address>0x9898</run_address>
         <size>0x2e</size>
         <input_file_ref idref="fl-67"/>
      </object_component>
      <object_component id="oc-791">
         <name>.text:finddevice</name>
         <load_address>0x98c6</load_address>
         <run_address>0x98c6</run_address>
         <size>0x2e</size>
         <input_file_ref idref="fl-5d"/>
      </object_component>
      <object_component id="oc-57e">
         <name>.text:CheckCrc</name>
         <load_address>0x98f4</load_address>
         <run_address>0x98f4</run_address>
         <size>0x2c</size>
         <input_file_ref idref="fl-8"/>
      </object_component>
      <object_component id="oc-49d">
         <name>.text:SBInit</name>
         <load_address>0x9920</load_address>
         <run_address>0x9920</run_address>
         <size>0x2c</size>
         <input_file_ref idref="fl-5"/>
      </object_component>
      <object_component id="oc-753">
         <name>.text:__TI_readmsg</name>
         <load_address>0x994c</load_address>
         <run_address>0x994c</run_address>
         <size>0x2c</size>
         <input_file_ref idref="fl-67"/>
      </object_component>
      <object_component id="oc-78b">
         <name>.text:strncpy</name>
         <load_address>0x9978</load_address>
         <run_address>0x9978</run_address>
         <size>0x2c</size>
         <input_file_ref idref="fl-65"/>
      </object_component>
      <object_component id="oc-4fa">
         <name>.text:at_command</name>
         <load_address>0x99a4</load_address>
         <run_address>0x99a4</run_address>
         <size>0x2a</size>
         <input_file_ref idref="fl-3"/>
      </object_component>
      <object_component id="oc-740">
         <name>.text:unlink</name>
         <load_address>0x99ce</load_address>
         <run_address>0x99ce</run_address>
         <size>0x2a</size>
         <input_file_ref idref="fl-5d"/>
      </object_component>
      <object_component id="oc-404">
         <name>.text:SBAdd</name>
         <load_address>0x99f8</load_address>
         <run_address>0x99f8</run_address>
         <size>0x26</size>
         <input_file_ref idref="fl-5"/>
      </object_component>
      <object_component id="oc-563">
         <name>.text:data_command</name>
         <load_address>0x9a1e</load_address>
         <run_address>0x9a1e</run_address>
         <size>0x26</size>
         <input_file_ref idref="fl-3"/>
      </object_component>
      <object_component id="oc-68d">
         <name>.text:lseek</name>
         <load_address>0x9a44</load_address>
         <run_address>0x9a44</run_address>
         <size>0x26</size>
         <input_file_ref idref="fl-5d"/>
      </object_component>
      <object_component id="oc-6cf">
         <name>.text</name>
         <load_address>0x9a6a</load_address>
         <run_address>0x9a6a</run_address>
         <size>0x24</size>
         <input_file_ref idref="fl-48"/>
      </object_component>
      <object_component id="oc-606">
         <name>.text:write</name>
         <load_address>0x9a8e</load_address>
         <run_address>0x9a8e</run_address>
         <size>0x24</size>
         <input_file_ref idref="fl-5d"/>
      </object_component>
      <object_component id="oc-439">
         <name>.text:init</name>
         <load_address>0x9ab2</load_address>
         <run_address>0x9ab2</run_address>
         <size>0x20</size>
         <input_file_ref idref="fl-7"/>
      </object_component>
      <object_component id="oc-4af">
         <name>.text:int_init</name>
         <load_address>0x9ad2</load_address>
         <run_address>0x9ad2</run_address>
         <size>0x1e</size>
         <input_file_ref idref="fl-7"/>
      </object_component>
      <object_component id="oc-98">
         <name>.text:_isr:_c_int00_noargs</name>
         <load_address>0x9af0</load_address>
         <run_address>0x9af0</run_address>
         <size>0x1c</size>
         <input_file_ref idref="fl-2a"/>
      </object_component>
      <object_component id="oc-643">
         <name>.text:findchar</name>
         <load_address>0x9b0c</load_address>
         <run_address>0x9b0c</run_address>
         <size>0x1c</size>
         <input_file_ref idref="fl-4"/>
      </object_component>
      <object_component id="oc-491">
         <name>.text:BInit</name>
         <load_address>0x9b28</load_address>
         <run_address>0x9b28</run_address>
         <size>0x1a</size>
         <input_file_ref idref="fl-4"/>
      </object_component>
      <object_component id="oc-61d">
         <name>.text:memccpy</name>
         <load_address>0x9b42</load_address>
         <run_address>0x9b42</run_address>
         <size>0x1a</size>
         <input_file_ref idref="fl-5f"/>
      </object_component>
      <object_component id="oc-634">
         <name>.text:parse_bcl</name>
         <load_address>0x9b5c</load_address>
         <run_address>0x9b5c</run_address>
         <size>0x1a</size>
         <input_file_ref idref="fl-4"/>
      </object_component>
      <object_component id="oc-67b">
         <name>.text:strchr</name>
         <load_address>0x9b76</load_address>
         <run_address>0x9b76</run_address>
         <size>0x1a</size>
         <input_file_ref idref="fl-4d"/>
      </object_component>
      <object_component id="oc-578">
         <name>.text:Modify</name>
         <load_address>0x9b90</load_address>
         <run_address>0x9b90</run_address>
         <size>0x18</size>
         <input_file_ref idref="fl-5"/>
      </object_component>
      <object_component id="oc-56a">
         <name>.text:SBUsed</name>
         <load_address>0x9ba8</load_address>
         <run_address>0x9ba8</run_address>
         <size>0x18</size>
         <input_file_ref idref="fl-5"/>
      </object_component>
      <object_component id="oc-5d3">
         <name>.text:_outs</name>
         <load_address>0x9bc0</load_address>
         <run_address>0x9bc0</run_address>
         <size>0x18</size>
         <input_file_ref idref="fl-4c"/>
      </object_component>
      <object_component id="oc-45c">
         <name>.text</name>
         <load_address>0x9bd8</load_address>
         <run_address>0x9bd8</run_address>
         <size>0x18</size>
         <input_file_ref idref="fl-46"/>
      </object_component>
      <object_component id="oc-7a0">
         <name>.text:strcmp</name>
         <load_address>0x9bf0</load_address>
         <run_address>0x9bf0</run_address>
         <size>0x18</size>
         <input_file_ref idref="fl-64"/>
      </object_component>
      <object_component id="oc-66e">
         <name>.text</name>
         <load_address>0x9c08</load_address>
         <run_address>0x9c08</run_address>
         <size>0x16</size>
         <input_file_ref idref="fl-58"/>
      </object_component>
      <object_component id="oc-3b6">
         <name>.text:_isr:WDT_ISR</name>
         <load_address>0x9c1e</load_address>
         <run_address>0x9c1e</run_address>
         <size>0x14</size>
         <input_file_ref idref="fl-7"/>
      </object_component>
      <object_component id="oc-5fa">
         <name>.text:memchr</name>
         <load_address>0x9c32</load_address>
         <run_address>0x9c32</run_address>
         <size>0x14</size>
         <input_file_ref idref="fl-60"/>
      </object_component>
      <object_component id="oc-610">
         <name>.text:memset</name>
         <load_address>0x9c46</load_address>
         <run_address>0x9c46</run_address>
         <size>0x14</size>
         <input_file_ref idref="fl-61"/>
      </object_component>
      <object_component id="oc-5d9">
         <name>.text:_outc</name>
         <load_address>0x9c5a</load_address>
         <run_address>0x9c5a</run_address>
         <size>0x12</size>
         <input_file_ref idref="fl-4c"/>
      </object_component>
      <object_component id="oc-461">
         <name>.text:memcpy</name>
         <load_address>0x9c6c</load_address>
         <run_address>0x9c6c</run_address>
         <size>0x12</size>
         <input_file_ref idref="fl-42"/>
      </object_component>
      <object_component id="oc-497">
         <name>.text:params_init</name>
         <load_address>0x9c7e</load_address>
         <run_address>0x9c7e</run_address>
         <size>0x12</size>
         <input_file_ref idref="fl-7"/>
      </object_component>
      <object_component id="oc-76a">
         <name>.text:strcpy</name>
         <load_address>0x9c90</load_address>
         <run_address>0x9c90</run_address>
         <size>0x10</size>
         <input_file_ref idref="fl-6e"/>
      </object_component>
      <object_component id="oc-3b0">
         <name>.text:_isr:USCI_B0_ISR</name>
         <load_address>0x9ca0</load_address>
         <run_address>0x9ca0</run_address>
         <size>0xe</size>
         <input_file_ref idref="fl-8"/>
      </object_component>
      <object_component id="oc-541">
         <name>.text:strlen</name>
         <load_address>0x9cae</load_address>
         <run_address>0x9cae</run_address>
         <size>0xe</size>
         <input_file_ref idref="fl-4e"/>
      </object_component>
      <object_component id="oc-3e2">
         <name>.text:main</name>
         <load_address>0x9cbc</load_address>
         <run_address>0x9cbc</run_address>
         <size>0xc</size>
         <input_file_ref idref="fl-7"/>
      </object_component>
      <object_component id="oc-43f">
         <name>.text:polling</name>
         <load_address>0x9cc8</load_address>
         <run_address>0x9cc8</run_address>
         <size>0xa</size>
         <input_file_ref idref="fl-7"/>
      </object_component>
      <object_component id="oc-3ab">
         <name>.text:_isr:__TI_ISR_TRAP</name>
         <load_address>0x9cd2</load_address>
         <run_address>0x9cd2</run_address>
         <size>0x8</size>
         <input_file_ref idref="fl-41"/>
      </object_component>
      <object_component id="oc-513">
         <name>.text:Lifo_Used</name>
         <load_address>0x9cda</load_address>
         <run_address>0x9cda</run_address>
         <size>0x6</size>
         <input_file_ref idref="fl-2"/>
      </object_component>
      <object_component id="oc-531">
         <name>.text:_outc</name>
         <load_address>0x9ce0</load_address>
         <run_address>0x9ce0</run_address>
         <size>0x6</size>
         <input_file_ref idref="fl-4b"/>
      </object_component>
      <object_component id="oc-3ea">
         <name>.text:abort</name>
         <load_address>0x9ce6</load_address>
         <run_address>0x9ce6</run_address>
         <size>0x6</size>
         <input_file_ref idref="fl-2f"/>
      </object_component>
      <object_component id="oc-52b">
         <name>.text:_outs</name>
         <load_address>0x9cec</load_address>
         <run_address>0x9cec</run_address>
         <size>0x4</size>
         <input_file_ref idref="fl-4b"/>
      </object_component>
      <object_component id="oc-3c2">
         <name>.text:_system_pre_init</name>
         <load_address>0x9cf0</load_address>
         <run_address>0x9cf0</run_address>
         <size>0x4</size>
         <input_file_ref idref="fl-4a"/>
      </object_component>
      <object_component id="oc-47f">
         <name>.text:_nop</name>
         <load_address>0x9cf4</load_address>
         <run_address>0x9cf4</run_address>
         <size>0x2</size>
         <input_file_ref idref="fl-51"/>
      </object_component>
      <object_component id="oc-418">
         <name>.text:_system_post_cinit</name>
         <load_address>0x9cf6</load_address>
         <run_address>0x9cf6</run_address>
         <size>0x2</size>
         <input_file_ref idref="fl-63"/>
      </object_component>
      <object_component id="oc-816">
         <name>.cinit..data.load</name>
         <load_address>0x9f3a</load_address>
         <run_address>0x9f3a</run_address>
         <size>0x50</size>
      </object_component>
      <object_component id="oc-813">
         <name>__TI_handler_table</name>
         <load_address>0x9f8a</load_address>
         <run_address>0x9f8a</run_address>
         <size>0xc</size>
      </object_component>
      <object_component id="oc-815">
         <name>.cinit..bss.load</name>
         <load_address>0x9f96</load_address>
         <run_address>0x9f96</run_address>
         <size>0x6</size>
      </object_component>
      <object_component id="oc-814">
         <name>__TI_cinit_table</name>
         <load_address>0x9f9c</load_address>
         <run_address>0x9f9c</run_address>
         <size>0x10</size>
      </object_component>
      <object_component id="oc-6cc">
         <name>.const:.string:_ctypes_</name>
         <load_address>0x9cf8</load_address>
         <run_address>0x9cf8</run_address>
         <size>0x101</size>
         <input_file_ref idref="fl-56"/>
      </object_component>
      <object_component id="oc-4f9">
         <name>.const:.string</name>
         <load_address>0x9dfa</load_address>
         <run_address>0x9dfa</run_address>
         <size>0xde</size>
         <input_file_ref idref="fl-3"/>
      </object_component>
      <object_component id="oc-4f6">
         <name>.const:.string:$P$T1$2</name>
         <load_address>0x9ed8</load_address>
         <run_address>0x9ed8</run_address>
         <size>0x16</size>
         <input_file_ref idref="fl-3"/>
      </object_component>
      <object_component id="oc-616">
         <name>.const:.string</name>
         <load_address>0x9eee</load_address>
         <run_address>0x9eee</run_address>
         <size>0x14</size>
         <input_file_ref idref="fl-52"/>
      </object_component>
      <object_component id="oc-55a">
         <name>.const:.string:$P$T0$1</name>
         <load_address>0x9f02</load_address>
         <run_address>0x9f02</run_address>
         <size>0xf</size>
         <input_file_ref idref="fl-3"/>
      </object_component>
      <object_component id="oc-58a">
         <name>.const:.string</name>
         <load_address>0x9f12</load_address>
         <run_address>0x9f12</run_address>
         <size>0xe</size>
         <input_file_ref idref="fl-5"/>
      </object_component>
      <object_component id="oc-4ed">
         <name>.const:.string</name>
         <load_address>0x9f20</load_address>
         <run_address>0x9f20</run_address>
         <size>0xc</size>
         <input_file_ref idref="fl-8"/>
      </object_component>
      <object_component id="oc-649">
         <name>.const:.string</name>
         <load_address>0x9f2c</load_address>
         <run_address>0x9f2c</run_address>
         <size>0x8</size>
         <input_file_ref idref="fl-4"/>
      </object_component>
      <object_component id="oc-63a">
         <name>.const:.string:OK_STR</name>
         <load_address>0x9f34</load_address>
         <run_address>0x9f34</run_address>
         <size>0x3</size>
         <input_file_ref idref="fl-4"/>
      </object_component>
      <object_component id="oc-50f">
         <name>.const:.string:$P$T2$4</name>
         <load_address>0x9f38</load_address>
         <run_address>0x9f38</run_address>
         <size>0x2</size>
         <input_file_ref idref="fl-3"/>
      </object_component>
      <object_component id="oc-77f">
         <name>.cio</name>
         <uninitialized>true</uninitialized>
         <run_address>0x27e6</run_address>
         <size>0x120</size>
         <input_file_ref idref="fl-67"/>
      </object_component>
      <object_component id="oc-7ae">
         <name>.binit</name>
         <load_address>0x8000</load_address>
         <run_address>0x8000</run_address>
         <size>0x0</size>
      </object_component>
      <object_component id="oc-74">
         <name>.int45</name>
         <load_address>0xffda</load_address>
         <run_address>0xffda</run_address>
         <size>0x2</size>
         <input_file_ref idref="fl-31"/>
      </object_component>
      <object_component id="oc-75">
         <name>.int46</name>
         <load_address>0xffdc</load_address>
         <run_address>0xffdc</run_address>
         <size>0x2</size>
         <input_file_ref idref="fl-32"/>
      </object_component>
      <object_component id="oc-76">
         <name>.int47</name>
         <load_address>0xffde</load_address>
         <run_address>0xffde</run_address>
         <size>0x2</size>
         <input_file_ref idref="fl-33"/>
      </object_component>
      <object_component id="oc-77">
         <name>.int48</name>
         <load_address>0xffe0</load_address>
         <run_address>0xffe0</run_address>
         <size>0x2</size>
         <input_file_ref idref="fl-34"/>
      </object_component>
      <object_component id="oc-78">
         <name>.int49</name>
         <load_address>0xffe2</load_address>
         <run_address>0xffe2</run_address>
         <size>0x2</size>
         <input_file_ref idref="fl-35"/>
      </object_component>
      <object_component id="oc-79">
         <name>.int50</name>
         <load_address>0xffe4</load_address>
         <run_address>0xffe4</run_address>
         <size>0x2</size>
         <input_file_ref idref="fl-36"/>
      </object_component>
      <object_component id="oc-7a">
         <name>.int51</name>
         <load_address>0xffe6</load_address>
         <run_address>0xffe6</run_address>
         <size>0x2</size>
         <input_file_ref idref="fl-37"/>
      </object_component>
      <object_component id="oc-7b">
         <name>.int52</name>
         <load_address>0xffe8</load_address>
         <run_address>0xffe8</run_address>
         <size>0x2</size>
         <input_file_ref idref="fl-38"/>
      </object_component>
      <object_component id="oc-7c">
         <name>.int53</name>
         <load_address>0xffea</load_address>
         <run_address>0xffea</run_address>
         <size>0x2</size>
         <input_file_ref idref="fl-39"/>
      </object_component>
      <object_component id="oc-7d">
         <name>.int54</name>
         <load_address>0xffec</load_address>
         <run_address>0xffec</run_address>
         <size>0x2</size>
         <input_file_ref idref="fl-3a"/>
      </object_component>
      <object_component id="oc-7e">
         <name>.int55</name>
         <load_address>0xffee</load_address>
         <run_address>0xffee</run_address>
         <size>0x2</size>
         <input_file_ref idref="fl-3b"/>
      </object_component>
      <object_component id="oc-7f">
         <name>.int56</name>
         <load_address>0xfff0</load_address>
         <run_address>0xfff0</run_address>
         <size>0x2</size>
         <input_file_ref idref="fl-3c"/>
      </object_component>
      <object_component id="oc-80">
         <name>.int57</name>
         <load_address>0xfff2</load_address>
         <run_address>0xfff2</run_address>
         <size>0x2</size>
         <input_file_ref idref="fl-8"/>
      </object_component>
      <object_component id="oc-81">
         <name>.int58</name>
         <load_address>0xfff4</load_address>
         <run_address>0xfff4</run_address>
         <size>0x2</size>
         <input_file_ref idref="fl-3d"/>
      </object_component>
      <object_component id="oc-82">
         <name>.int59</name>
         <load_address>0xfff6</load_address>
         <run_address>0xfff6</run_address>
         <size>0x2</size>
         <input_file_ref idref="fl-7"/>
      </object_component>
      <object_component id="oc-83">
         <name>.int60</name>
         <load_address>0xfff8</load_address>
         <run_address>0xfff8</run_address>
         <size>0x2</size>
         <input_file_ref idref="fl-3e"/>
      </object_component>
      <object_component id="oc-84">
         <name>.int61</name>
         <load_address>0xfffa</load_address>
         <run_address>0xfffa</run_address>
         <size>0x2</size>
         <input_file_ref idref="fl-3f"/>
      </object_component>
      <object_component id="oc-85">
         <name>.int62</name>
         <load_address>0xfffc</load_address>
         <run_address>0xfffc</run_address>
         <size>0x2</size>
         <input_file_ref idref="fl-40"/>
      </object_component>
      <object_component id="oc-390">
         <name>.reset</name>
         <load_address>0xfffe</load_address>
         <run_address>0xfffe</run_address>
         <size>0x2</size>
         <input_file_ref idref="fl-29"/>
      </object_component>
      <object_component id="oc-58f">
         <name>.debug_info</name>
         <load_address>0x0</load_address>
         <run_address>0x0</run_address>
         <size>0x1c0</size>
         <input_file_ref idref="fl-2"/>
      </object_component>
      <object_component id="oc-585">
         <name>.debug_info</name>
         <load_address>0x1c0</load_address>
         <run_address>0x1c0</run_address>
         <size>0x120</size>
         <input_file_ref idref="fl-2"/>
      </object_component>
      <object_component id="oc-514">
         <name>.debug_info</name>
         <load_address>0x2e0</load_address>
         <run_address>0x2e0</run_address>
         <size>0xf1</size>
         <input_file_ref idref="fl-2"/>
      </object_component>
      <object_component id="oc-593">
         <name>.debug_info</name>
         <load_address>0x3d1</load_address>
         <run_address>0x3d1</run_address>
         <size>0x120</size>
         <input_file_ref idref="fl-2"/>
      </object_component>
      <object_component id="oc-51b">
         <name>.debug_info</name>
         <load_address>0x4f1</load_address>
         <run_address>0x4f1</run_address>
         <size>0x1bd</size>
         <input_file_ref idref="fl-2"/>
      </object_component>
      <object_component id="oc-5ec">
         <name>.debug_info</name>
         <load_address>0x6ae</load_address>
         <run_address>0x6ae</run_address>
         <size>0x64</size>
         <input_file_ref idref="fl-2"/>
      </object_component>
      <object_component id="oc-39a">
         <name>.debug_info</name>
         <load_address>0x712</load_address>
         <run_address>0x712</run_address>
         <size>0x84</size>
         <input_file_ref idref="fl-2"/>
      </object_component>
      <object_component id="oc-449">
         <name>.debug_info</name>
         <load_address>0x796</load_address>
         <run_address>0x796</run_address>
         <size>0x2c</size>
         <input_file_ref idref="fl-2"/>
      </object_component>
      <object_component id="oc-5b3">
         <name>.debug_info</name>
         <load_address>0x7c2</load_address>
         <run_address>0x7c2</run_address>
         <size>0x2c</size>
         <input_file_ref idref="fl-2"/>
      </object_component>
      <object_component id="oc-4e6">
         <name>.debug_info</name>
         <load_address>0x7ee</load_address>
         <run_address>0x7ee</run_address>
         <size>0x3dd</size>
         <input_file_ref idref="fl-3"/>
      </object_component>
      <object_component id="oc-55b">
         <name>.debug_info</name>
         <load_address>0xbcb</load_address>
         <run_address>0xbcb</run_address>
         <size>0xc4</size>
         <input_file_ref idref="fl-3"/>
      </object_component>
      <object_component id="oc-4f7">
         <name>.debug_info</name>
         <load_address>0xc8f</load_address>
         <run_address>0xc8f</run_address>
         <size>0xc4</size>
         <input_file_ref idref="fl-3"/>
      </object_component>
      <object_component id="oc-510">
         <name>.debug_info</name>
         <load_address>0xd53</load_address>
         <run_address>0xd53</run_address>
         <size>0xc4</size>
         <input_file_ref idref="fl-3"/>
      </object_component>
      <object_component id="oc-4fb">
         <name>.debug_info</name>
         <load_address>0xe17</load_address>
         <run_address>0xe17</run_address>
         <size>0x1a5</size>
         <input_file_ref idref="fl-3"/>
      </object_component>
      <object_component id="oc-564">
         <name>.debug_info</name>
         <load_address>0xfbc</load_address>
         <run_address>0xfbc</run_address>
         <size>0x1ba</size>
         <input_file_ref idref="fl-3"/>
      </object_component>
      <object_component id="oc-501">
         <name>.debug_info</name>
         <load_address>0x1176</load_address>
         <run_address>0x1176</run_address>
         <size>0x1af</size>
         <input_file_ref idref="fl-3"/>
      </object_component>
      <object_component id="oc-4b6">
         <name>.debug_info</name>
         <load_address>0x1325</load_address>
         <run_address>0x1325</run_address>
         <size>0x23f</size>
         <input_file_ref idref="fl-3"/>
      </object_component>
      <object_component id="oc-4c3">
         <name>.debug_info</name>
         <load_address>0x1564</load_address>
         <run_address>0x1564</run_address>
         <size>0x24a</size>
         <input_file_ref idref="fl-3"/>
      </object_component>
      <object_component id="oc-4e0">
         <name>.debug_info</name>
         <load_address>0x17ae</load_address>
         <run_address>0x17ae</run_address>
         <size>0x264</size>
         <input_file_ref idref="fl-4"/>
      </object_component>
      <object_component id="oc-63b">
         <name>.debug_info</name>
         <load_address>0x1a12</load_address>
         <run_address>0x1a12</run_address>
         <size>0xbf</size>
         <input_file_ref idref="fl-4"/>
      </object_component>
      <object_component id="oc-492">
         <name>.debug_info</name>
         <load_address>0x1ad1</load_address>
         <run_address>0x1ad1</run_address>
         <size>0xf6</size>
         <input_file_ref idref="fl-4"/>
      </object_component>
      <object_component id="oc-635">
         <name>.debug_info</name>
         <load_address>0x1bc7</load_address>
         <run_address>0x1bc7</run_address>
         <size>0x130</size>
         <input_file_ref idref="fl-4"/>
      </object_component>
      <object_component id="oc-644">
         <name>.debug_info</name>
         <load_address>0x1cf7</load_address>
         <run_address>0x1cf7</run_address>
         <size>0x156</size>
         <input_file_ref idref="fl-4"/>
      </object_component>
      <object_component id="oc-5cb">
         <name>.debug_info</name>
         <load_address>0x1e4d</load_address>
         <run_address>0x1e4d</run_address>
         <size>0x17d</size>
         <input_file_ref idref="fl-4"/>
      </object_component>
      <object_component id="oc-454">
         <name>.debug_info</name>
         <load_address>0x1fca</load_address>
         <run_address>0x1fca</run_address>
         <size>0x31a</size>
         <input_file_ref idref="fl-5"/>
      </object_component>
      <object_component id="oc-49e">
         <name>.debug_info</name>
         <load_address>0x22e4</load_address>
         <run_address>0x22e4</run_address>
         <size>0x101</size>
         <input_file_ref idref="fl-5"/>
      </object_component>
      <object_component id="oc-405">
         <name>.debug_info</name>
         <load_address>0x23e5</load_address>
         <run_address>0x23e5</run_address>
         <size>0x116</size>
         <input_file_ref idref="fl-5"/>
      </object_component>
      <object_component id="oc-571">
         <name>.debug_info</name>
         <load_address>0x24fb</load_address>
         <run_address>0x24fb</run_address>
         <size>0xf8</size>
         <input_file_ref idref="fl-5"/>
      </object_component>
      <object_component id="oc-56b">
         <name>.debug_info</name>
         <load_address>0x25f3</load_address>
         <run_address>0x25f3</run_address>
         <size>0x105</size>
         <input_file_ref idref="fl-5"/>
      </object_component>
      <object_component id="oc-579">
         <name>.debug_info</name>
         <load_address>0x26f8</load_address>
         <run_address>0x26f8</run_address>
         <size>0x12b</size>
         <input_file_ref idref="fl-5"/>
      </object_component>
      <object_component id="oc-508">
         <name>.debug_info</name>
         <load_address>0x2823</load_address>
         <run_address>0x2823</run_address>
         <size>0x1c6</size>
         <input_file_ref idref="fl-5"/>
      </object_component>
      <object_component id="oc-62f">
         <name>.debug_info</name>
         <load_address>0x29e9</load_address>
         <run_address>0x29e9</run_address>
         <size>0x2c</size>
         <input_file_ref idref="fl-5"/>
      </object_component>
      <object_component id="oc-5c8">
         <name>.debug_info</name>
         <load_address>0x2a15</load_address>
         <run_address>0x2a15</run_address>
         <size>0x478</size>
         <input_file_ref idref="fl-6"/>
      </object_component>
      <object_component id="oc-548">
         <name>.debug_info</name>
         <load_address>0x2e8d</load_address>
         <run_address>0x2e8d</run_address>
         <size>0x17a</size>
         <input_file_ref idref="fl-6"/>
      </object_component>
      <object_component id="oc-554">
         <name>.debug_info</name>
         <load_address>0x3007</load_address>
         <run_address>0x3007</run_address>
         <size>0x155</size>
         <input_file_ref idref="fl-6"/>
      </object_component>
      <object_component id="oc-4a4">
         <name>.debug_info</name>
         <load_address>0x315c</load_address>
         <run_address>0x315c</run_address>
         <size>0x112</size>
         <input_file_ref idref="fl-6"/>
      </object_component>
      <object_component id="oc-40c">
         <name>.debug_info</name>
         <load_address>0x326e</load_address>
         <run_address>0x326e</run_address>
         <size>0x332</size>
         <input_file_ref idref="fl-7"/>
      </object_component>
      <object_component id="oc-498">
         <name>.debug_info</name>
         <load_address>0x35a0</load_address>
         <run_address>0x35a0</run_address>
         <size>0xf1</size>
         <input_file_ref idref="fl-7"/>
      </object_component>
      <object_component id="oc-4b0">
         <name>.debug_info</name>
         <load_address>0x3691</load_address>
         <run_address>0x3691</run_address>
         <size>0xeb</size>
         <input_file_ref idref="fl-7"/>
      </object_component>
      <object_component id="oc-4bd">
         <name>.debug_info</name>
         <load_address>0x377c</load_address>
         <run_address>0x377c</run_address>
         <size>0x12e</size>
         <input_file_ref idref="fl-7"/>
      </object_component>
      <object_component id="oc-54e">
         <name>.debug_info</name>
         <load_address>0x38aa</load_address>
         <run_address>0x38aa</run_address>
         <size>0x11e</size>
         <input_file_ref idref="fl-7"/>
      </object_component>
      <object_component id="oc-43a">
         <name>.debug_info</name>
         <load_address>0x39c8</load_address>
         <run_address>0x39c8</run_address>
         <size>0x14d</size>
         <input_file_ref idref="fl-7"/>
      </object_component>
      <object_component id="oc-440">
         <name>.debug_info</name>
         <load_address>0x3b15</load_address>
         <run_address>0x3b15</run_address>
         <size>0x107</size>
         <input_file_ref idref="fl-7"/>
      </object_component>
      <object_component id="oc-3e3">
         <name>.debug_info</name>
         <load_address>0x3c1c</load_address>
         <run_address>0x3c1c</run_address>
         <size>0xfa</size>
         <input_file_ref idref="fl-7"/>
      </object_component>
      <object_component id="oc-3b7">
         <name>.debug_info</name>
         <load_address>0x3d16</load_address>
         <run_address>0x3d16</run_address>
         <size>0xea</size>
         <input_file_ref idref="fl-7"/>
      </object_component>
      <object_component id="oc-5e6">
         <name>.debug_info</name>
         <load_address>0x3e00</load_address>
         <run_address>0x3e00</run_address>
         <size>0x31d</size>
         <input_file_ref idref="fl-8"/>
      </object_component>
      <object_component id="oc-4aa">
         <name>.debug_info</name>
         <load_address>0x411d</load_address>
         <run_address>0x411d</run_address>
         <size>0xf5</size>
         <input_file_ref idref="fl-8"/>
      </object_component>
      <object_component id="oc-57f">
         <name>.debug_info</name>
         <load_address>0x4212</load_address>
         <run_address>0x4212</run_address>
         <size>0x155</size>
         <input_file_ref idref="fl-8"/>
      </object_component>
      <object_component id="oc-3b1">
         <name>.debug_info</name>
         <load_address>0x4367</load_address>
         <run_address>0x4367</run_address>
         <size>0xfb</size>
         <input_file_ref idref="fl-8"/>
      </object_component>
      <object_component id="oc-38e">
         <name>.debug_info</name>
         <load_address>0x4462</load_address>
         <run_address>0x4462</run_address>
         <size>0xf5</size>
         <input_file_ref idref="fl-29"/>
      </object_component>
      <object_component id="oc-9c">
         <name>.debug_info</name>
         <load_address>0x4557</load_address>
         <run_address>0x4557</run_address>
         <size>0x187</size>
         <input_file_ref idref="fl-2a"/>
      </object_component>
      <object_component id="oc-6c">
         <name>.debug_info</name>
         <load_address>0x46de</load_address>
         <run_address>0x46de</run_address>
         <size>0x2ad</size>
         <input_file_ref idref="fl-2b"/>
      </object_component>
      <object_component id="oc-3fb">
         <name>.debug_info</name>
         <load_address>0x498b</load_address>
         <run_address>0x498b</run_address>
         <size>0x46</size>
         <input_file_ref idref="fl-2b"/>
      </object_component>
      <object_component id="oc-395">
         <name>.debug_info</name>
         <load_address>0x49d1</load_address>
         <run_address>0x49d1</run_address>
         <size>0x60</size>
         <input_file_ref idref="fl-2b"/>
      </object_component>
      <object_component id="oc-3aa">
         <name>.debug_info</name>
         <load_address>0x4a31</load_address>
         <run_address>0x4a31</run_address>
         <size>0x1cf</size>
         <input_file_ref idref="fl-2c"/>
      </object_component>
      <object_component id="oc-72">
         <name>.debug_info</name>
         <load_address>0x4c00</load_address>
         <run_address>0x4c00</run_address>
         <size>0x1e7</size>
         <input_file_ref idref="fl-2c"/>
      </object_component>
      <object_component id="oc-3a5">
         <name>.debug_info</name>
         <load_address>0x4de7</load_address>
         <run_address>0x4de7</run_address>
         <size>0x46</size>
         <input_file_ref idref="fl-2c"/>
      </object_component>
      <object_component id="oc-89">
         <name>.debug_info</name>
         <load_address>0x4e2d</load_address>
         <run_address>0x4e2d</run_address>
         <size>0x1b6</size>
         <input_file_ref idref="fl-2d"/>
      </object_component>
      <object_component id="oc-3bd">
         <name>.debug_info</name>
         <load_address>0x4fe3</load_address>
         <run_address>0x4fe3</run_address>
         <size>0x46</size>
         <input_file_ref idref="fl-2d"/>
      </object_component>
      <object_component id="oc-3a0">
         <name>.debug_info</name>
         <load_address>0x5029</load_address>
         <run_address>0x5029</run_address>
         <size>0x119</size>
         <input_file_ref idref="fl-2e"/>
      </object_component>
      <object_component id="oc-437">
         <name>.debug_info</name>
         <load_address>0x5142</load_address>
         <run_address>0x5142</run_address>
         <size>0x24f</size>
         <input_file_ref idref="fl-2f"/>
      </object_component>
      <object_component id="oc-428">
         <name>.debug_info</name>
         <load_address>0x5391</load_address>
         <run_address>0x5391</run_address>
         <size>0x127</size>
         <input_file_ref idref="fl-2f"/>
      </object_component>
      <object_component id="oc-3eb">
         <name>.debug_info</name>
         <load_address>0x54b8</load_address>
         <run_address>0x54b8</run_address>
         <size>0x117</size>
         <input_file_ref idref="fl-2f"/>
      </object_component>
      <object_component id="oc-3d5">
         <name>.debug_info</name>
         <load_address>0x55cf</load_address>
         <run_address>0x55cf</run_address>
         <size>0x18c</size>
         <input_file_ref idref="fl-2f"/>
      </object_component>
      <object_component id="oc-48a">
         <name>.debug_info</name>
         <load_address>0x575b</load_address>
         <run_address>0x575b</run_address>
         <size>0xf8</size>
         <input_file_ref idref="fl-30"/>
      </object_component>
      <object_component id="oc-431">
         <name>.debug_info</name>
         <load_address>0x5853</load_address>
         <run_address>0x5853</run_address>
         <size>0x10f</size>
         <input_file_ref idref="fl-30"/>
      </object_component>
      <object_component id="oc-42e">
         <name>.debug_info</name>
         <load_address>0x5962</load_address>
         <run_address>0x5962</run_address>
         <size>0x10b</size>
         <input_file_ref idref="fl-30"/>
      </object_component>
      <object_component id="oc-3ac">
         <name>.debug_info</name>
[...]
         <object_component_ref idref="oc-4bc"/>
      </symbol>
      <symbol id="sm-506">
         <name>__TI_int57</name>
         <value>0xfff2</value>
         <object_component_ref idref="oc-80"/>
      </symbol>
      <symbol id="sm-507">
         <name>spi_init</name>
         <value>0x92de</value>
         <object_component_ref idref="oc-4a9"/>
      </symbol>
      <symbol id="sm-508">
         <name>USCI_B0_ISR</name>
         <value>0x9ca0</value>
         <object_component_ref idref="oc-3b0"/>
      </symbol>
      <symbol id="sm-509">
         <name>CheckCrc</name>
         <value>0x98f4</value>
         <object_component_ref idref="oc-57e"/>
      </symbol>
      <symbol id="sm-511">
         <name>_stack</name>
         <value>0x2bac</value>
         <object_component_ref idref="oc-38d"/>
      </symbol>
      <symbol id="sm-512">
         <name>_reset_vector</name>
         <value>0xfffe</value>
         <object_component_ref idref="oc-390"/>
      </symbol>
      <symbol id="sm-51c">
         <name>_c_int00_noargs</name>
         <value>0x9af0</value>
         <object_component_ref idref="oc-98"/>
      </symbol>
      <symbol id="sm-538">
         <name>__TI_decompress_lzss</name>
         <value>0x839e</value>
         <object_component_ref idref="oc-68"/>
      </symbol>
      <symbol id="sm-549">
         <name>__TI_decompress_none</name>
         <value>0x96b0</value>
         <object_component_ref idref="oc-6e"/>
      </symbol>
      <symbol id="sm-559">
         <name>__TI_zero_init</name>
         <value>0x95b8</value>
         <object_component_ref idref="oc-86"/>
      </symbol>
      <symbol id="sm-564">
         <name>__memcpy_far</name>
         <value>0x9538</value>
         <object_component_ref idref="oc-39f"/>
      </symbol>
      <symbol id="sm-581">
         <name>C$$EXIT</name>
         <value>0x9ce6</value>
         <object_component_ref idref="oc-3ea"/>
      </symbol>
      <symbol id="sm-582">
         <name>abort</name>
         <value>0x9ce6</value>
         <object_component_ref idref="oc-3ea"/>
      </symbol>
      <symbol id="sm-583">
         <name>exit</name>
         <value>0x9468</value>
         <object_component_ref idref="oc-3d4"/>
      </symbol>
      <symbol id="sm-584">
         <name>__TI_enable_exit_profile_output</name>
         <value>0x27e0</value>
         <object_component_ref idref="oc-427"/>
      </symbol>
      <symbol id="sm-593">
         <name>__TI_dtors_ptr</name>
         <value>0x27d0</value>
         <object_component_ref idref="oc-42d"/>
      </symbol>
      <symbol id="sm-594">
         <name>__TI_cleanup_ptr</name>
         <value>0x27cc</value>
         <object_component_ref idref="oc-430"/>
      </symbol>
      <symbol id="sm-597">
         <name>__TI_int45</name>
         <value>0xffda</value>
         <object_component_ref idref="oc-74"/>
      </symbol>
      <symbol id="sm-59a">
         <name>__TI_int46</name>
         <value>0xffdc</value>
         <object_component_ref idref="oc-75"/>
      </symbol>
      <symbol id="sm-59d">
         <name>__TI_int47</name>
         <value>0xffde</value>
         <object_component_ref idref="oc-76"/>
      </symbol>
      <symbol id="sm-5a0">
         <name>__TI_int48</name>
         <value>0xffe0</value>
         <object_component_ref idref="oc-77"/>
      </symbol>
      <symbol id="sm-5a3">
         <name>__TI_int49</name>
         <value>0xffe2</value>
         <object_component_ref idref="oc-78"/>
      </symbol>
      <symbol id="sm-5a6">
         <name>__TI_int50</name>
         <value>0xffe4</value>
         <object_component_ref idref="oc-79"/>
      </symbol>
      <symbol id="sm-5a9">
         <name>__TI_int51</name>
         <value>0xffe6</value>
         <object_component_ref idref="oc-7a"/>
      </symbol>
      <symbol id="sm-5ac">
         <name>__TI_int52</name>
         <value>0xffe8</value>
         <object_component_ref idref="oc-7b"/>
      </symbol>
      <symbol id="sm-5af">
         <name>__TI_int53</name>
         <value>0xffea</value>
         <object_component_ref idref="oc-7c"/>
      </symbol>
      <symbol id="sm-5b2">
         <name>__TI_int54</name>
         <value>0xffec</value>
         <object_component_ref idref="oc-7d"/>
      </symbol>
      <symbol id="sm-5b5">
         <name>__TI_int55</name>
         <value>0xffee</value>
         <object_component_ref idref="oc-7e"/>
      </symbol>
      <symbol id="sm-5b8">
         <name>__TI_int56</name>
         <value>0xfff0</value>
         <object_component_ref idref="oc-7f"/>
      </symbol>
      <symbol id="sm-5bb">
         <name>__TI_int58</name>
         <value>0xfff4</value>
         <object_component_ref idref="oc-81"/>
      </symbol>
      <symbol id="sm-5be">
         <name>__TI_int60</name>
         <value>0xfff8</value>
         <object_component_ref idref="oc-83"/>
      </symbol>
      <symbol id="sm-5c1">
         <name>__TI_int61</name>
         <value>0xfffa</value>
         <object_component_ref idref="oc-84"/>
      </symbol>
      <symbol id="sm-5c4">
         <name>__TI_int62</name>
         <value>0xfffc</value>
         <object_component_ref idref="oc-85"/>
      </symbol>
      <symbol id="sm-5cc">
         <name>__TI_ISR_TRAP</name>
         <value>0x9cd2</value>
         <object_component_ref idref="oc-3ab"/>
      </symbol>
      <symbol id="sm-5da">
         <name>memcpy</name>
         <value>0x9c6c</value>
         <object_component_ref idref="oc-461"/>
      </symbol>
      <symbol id="sm-5e5">
         <name>__mspabi_mpyi_f5hw</name>
         <value>0x9bd8</value>
         <object_component_ref idref="oc-45c"/>
      </symbol>
      <symbol id="sm-5ee">
         <name>__mspabi_mpyl_f5hw</name>
         <value>0x9a6a</value>
         <object_component_ref idref="oc-6cf"/>
      </symbol>
      <symbol id="sm-5f8">
         <name>_system_pre_init</name>
         <value>0x9cf0</value>
         <object_component_ref idref="oc-3c2"/>
      </symbol>
      <symbol id="sm-61b">
         <name>printf</name>
         <value>0x9578</value>
         <object_component_ref idref="oc-4ee"/>
      </symbol>
      <symbol id="sm-63c">
         <name>sprintf</name>
         <value>0x9760</value>
         <object_component_ref idref="oc-55d"/>
      </symbol>
      <symbol id="sm-64b">
         <name>strchr</name>
         <value>0x9b76</value>
         <object_component_ref idref="oc-67b"/>
      </symbol>
      <symbol id="sm-658">
         <name>strlen</name>
         <value>0x9cae</value>
         <object_component_ref idref="oc-541"/>
      </symbol>
      <symbol id="sm-66b">
         <name>strstr</name>
         <value>0x97ce</value>
         <object_component_ref idref="oc-63d"/>
      </symbol>
      <symbol id="sm-690">
         <name>strtoul</name>
         <value>0x8000</value>
         <object_component_ref idref="oc-681"/>
      </symbol>
      <symbol id="sm-6a6">
         <name>_nop</name>
         <value>0x9cf4</value>
         <object_component_ref idref="oc-47f"/>
      </symbol>
      <symbol id="sm-6a7">
         <name>_lock</name>
         <value>0x27d4</value>
         <object_component_ref idref="oc-42a"/>
      </symbol>
      <symbol id="sm-6a8">
         <name>_unlock</name>
         <value>0x27d8</value>
         <object_component_ref idref="oc-433"/>
      </symbol>
      <symbol id="sm-6ef">
         <name>__TI_printfi_minimal</name>
         <value>0x8740</value>
         <object_component_ref idref="oc-537"/>
      </symbol>
      <symbol id="sm-711">
         <name>_auto_init_hold_wdt</name>
         <value>0x8ba6</value>
         <object_component_ref idref="oc-3c8"/>
      </symbol>
      <symbol id="sm-728">
         <name>copy_in</name>
         <value>0x89aa</value>
         <object_component_ref idref="oc-412"/>
      </symbol>
      <symbol id="sm-732">
         <name>_ctypes_</name>
         <value>0x9cf8</value>
         <object_component_ref idref="oc-6cc"/>
      </symbol>
      <symbol id="sm-742">
         <name>__TI_tmpnams</name>
         <value>0x23bc</value>
      </symbol>
      <symbol id="sm-743">
         <name>_ftable</name>
         <value>0x272c</value>
         <object_component_ref idref="oc-528"/>
      </symbol>
      <symbol id="sm-744">
         <name>__TI_ft_end</name>
         <value>0x27dc</value>
         <object_component_ref idref="oc-6f7"/>
      </symbol>
      <symbol id="sm-74e">
         <name>__mspabi_remu</name>
         <value>0x9c08</value>
         <object_component_ref idref="oc-66e"/>
      </symbol>
      <symbol id="sm-74f">
         <name>__mspabi_divu</name>
         <value>0x9c08</value>
         <object_component_ref idref="oc-66e"/>
      </symbol>
      <symbol id="sm-75d">
         <name>__mspabi_remul</name>
         <value>0x9286</value>
         <object_component_ref idref="oc-6d4"/>
      </symbol>
      <symbol id="sm-75e">
         <name>__mspabi_divul</name>
         <value>0x9286</value>
         <object_component_ref idref="oc-6d4"/>
      </symbol>
      <symbol id="sm-765">
         <name>errno</name>
         <value>0x27de</value>
         <object_component_ref idref="oc-6d9"/>
      </symbol>
      <symbol id="sm-778">
         <name>putc</name>
         <value>0x8c3c</value>
         <object_component_ref idref="oc-5a4"/>
      </symbol>
      <symbol id="sm-779">
         <name>fputc</name>
         <value>0x8c3c</value>
         <object_component_ref idref="oc-5a4"/>
      </symbol>
      <symbol id="sm-791">
         <name>fputs</name>
         <value>0x8662</value>
         <object_component_ref idref="oc-59d"/>
      </symbol>
      <symbol id="sm-7e7">
         <name>lseek</name>
         <value>0x9a44</value>
         <object_component_ref idref="oc-68d"/>
      </symbol>
      <symbol id="sm-7e8">
         <name>write</name>
         <value>0x9a8e</value>
         <object_component_ref idref="oc-606"/>
      </symbol>
      <symbol id="sm-7e9">
         <name>close</name>
         <value>0x941e</value>
         <object_component_ref idref="oc-739"/>
      </symbol>
      <symbol id="sm-7ea">
         <name>unlink</name>
         <value>0x99ce</value>
         <object_component_ref idref="oc-740"/>
      </symbol>
      <symbol id="sm-7fa">
         <name>memccpy</name>
         <value>0x9b42</value>
         <object_component_ref idref="oc-61d"/>
      </symbol>
      <symbol id="sm-809">
         <name>memchr</name>
         <value>0x9c32</value>
         <object_component_ref idref="oc-5fa"/>
      </symbol>
      <symbol id="sm-817">
         <name>memset</name>
         <value>0x9c46</value>
         <object_component_ref idref="oc-610"/>
      </symbol>
      <symbol id="sm-821">
         <name>_system_post_cinit</name>
         <value>0x9cf6</value>
         <object_component_ref idref="oc-418"/>
      </symbol>
      <symbol id="sm-82f">
         <name>strcmp</name>
         <value>0x9bf0</value>
         <object_component_ref idref="oc-7a0"/>
      </symbol>
      <symbol id="sm-83f">
         <name>strncpy</name>
         <value>0x9978</value>
         <object_component_ref idref="oc-78b"/>
      </symbol>
      <symbol id="sm-87e">
         <name>HOSTrename</name>
         <value>0x8fc6</value>
         <object_component_ref idref="oc-721"/>
      </symbol>
      <symbol id="sm-87f">
         <name>HOSTclose</name>
         <value>0x94b0</value>
         <object_component_ref idref="oc-703"/>
      </symbol>
      <symbol id="sm-880">
         <name>HOSTunlink</name>
         <value>0x94f6</value>
         <object_component_ref idref="oc-71b"/>
      </symbol>
      <symbol id="sm-881">
         <name>HOSTlseek</name>
         <value>0x8b0a</value>
         <object_component_ref idref="oc-715"/>
      </symbol>
      <symbol id="sm-882">
         <name>HOSTopen</name>
         <value>0x9102</value>
         <object_component_ref idref="oc-6fd"/>
      </symbol>
      <symbol id="sm-883">
         <name>HOSTwrite</name>
         <value>0x91c8</value>
         <object_component_ref idref="oc-70f"/>
      </symbol>
      <symbol id="sm-884">
         <name>HOSTread</name>
         <value>0x9228</value>
         <object_component_ref idref="oc-709"/>
      </symbol>
      <symbol id="sm-8a2">
         <name>__TI_readmsg</name>
         <value>0x994c</value>
         <object_component_ref idref="oc-753"/>
      </symbol>
      <symbol id="sm-8a3">
         <name>C$$IO$$</name>
         <value>0x98c2</value>
         <object_component_ref idref="oc-74d"/>
      </symbol>
      <symbol id="sm-8a4">
         <name>_CIOBUF_</name>
         <value>0x27e6</value>
         <object_component_ref idref="oc-77f"/>
      </symbol>
      <symbol id="sm-8a5">
         <name>__TI_writemsg</name>
         <value>0x9898</value>
         <object_component_ref idref="oc-74d"/>
      </symbol>
      <symbol id="sm-8bd">
         <name>__TI_wrt_ok</name>
         <value>0x8ede</value>
         <object_component_ref idref="oc-5f4"/>
      </symbol>
      <symbol id="sm-8c5">
         <name>__mspabi_sral_15</name>
         <value>0x9634</value>
         <object_component_ref idref="oc-75e"/>
      </symbol>
      <symbol id="sm-8c6">
         <name>__mspabi_sral_14</name>
         <value>0x9638</value>
         <object_component_ref idref="oc-75e"/>
      </symbol>
      <symbol id="sm-8c7">
         <name>__mspabi_sral_13</name>
         <value>0x963c</value>
         <object_component_ref idref="oc-75e"/>
      </symbol>
      <symbol id="sm-8c8">
         <name>__mspabi_sral_12</name>
         <value>0x9640</value>
         <object_component_ref idref="oc-75e"/>
      </symbol>
      <symbol id="sm-8c9">
         <name>__mspabi_sral_11</name>
         <value>0x9644</value>
         <object_component_ref idref="oc-75e"/>
      </symbol>
      <symbol id="sm-8ca">
         <name>__mspabi_sral_10</name>
         <value>0x9648</value>
         <object_component_ref idref="oc-75e"/>
      </symbol>
      <symbol id="sm-8cb">
         <name>__mspabi_sral_8</name>
         <value>0x9650</value>
         <object_component_ref idref="oc-75e"/>
      </symbol>
      <symbol id="sm-8cc">
         <name>__mspabi_sral_9</name>
         <value>0x964c</value>
         <object_component_ref idref="oc-75e"/>
      </symbol>
      <symbol id="sm-8cd">
         <name>__mspabi_sral_6</name>
         <value>0x9658</value>
         <object_component_ref idref="oc-75e"/>
      </symbol>
      <symbol id="sm-8ce">
         <name>__mspabi_sral_7</name>
         <value>0x9654</value>
         <object_component_ref idref="oc-75e"/>
      </symbol>
      <symbol id="sm-8cf">
         <name>__mspabi_sral_4</name>
         <value>0x9660</value>
         <object_component_ref idref="oc-75e"/>
      </symbol>
      <symbol id="sm-8d0">
         <name>__mspabi_sral_5</name>
         <value>0x965c</value>
         <object_component_ref idref="oc-75e"/>
      </symbol>
      <symbol id="sm-8d1">
         <name>__mspabi_sral_2</name>
         <value>0x9668</value>
         <object_component_ref idref="oc-75e"/>
      </symbol>
      <symbol id="sm-8d2">
         <name>__mspabi_sral_3</name>
         <value>0x9664</value>
         <object_component_ref idref="oc-75e"/>
      </symbol>
      <symbol id="sm-8d3">
         <name>__mspabi_sral_1</name>
         <value>0x966c</value>
         <object_component_ref idref="oc-75e"/>
      </symbol>
      <symbol id="sm-8e4">
         <name>__TI_doflush</name>
         <value>0x9166</value>
         <object_component_ref idref="oc-600"/>
      </symbol>
      <symbol id="sm-8f4">
         <name>fseek</name>
         <value>0x9030</value>
         <object_component_ref idref="oc-651"/>
      </symbol>
      <symbol id="sm-8fc">
         <name>__mspabi_slll_9</name>
         <value>0x968a</value>
         <object_component_ref idref="oc-763"/>
      </symbol>
      <symbol id="sm-8fd">
         <name>__mspabi_slll_8</name>
         <value>0x968e</value>
         <object_component_ref idref="oc-763"/>
      </symbol>
      <symbol id="sm-8fe">
         <name>__mspabi_slll_7</name>
         <value>0x9692</value>
         <object_component_ref idref="oc-763"/>
      </symbol>
      <symbol id="sm-8ff">
         <name>__mspabi_slll_6</name>
         <value>0x9696</value>
         <object_component_ref idref="oc-763"/>
      </symbol>
      <symbol id="sm-900">
         <name>__mspabi_slll_5</name>
         <value>0x969a</value>
         <object_component_ref idref="oc-763"/>
      </symbol>
      <symbol id="sm-901">
         <name>__mspabi_slll_4</name>
         <value>0x969e</value>
         <object_component_ref idref="oc-763"/>
      </symbol>
      <symbol id="sm-902">
         <name>__mspabi_slll_3</name>
         <value>0x96a2</value>
         <object_component_ref idref="oc-763"/>
      </symbol>
      <symbol id="sm-903">
         <name>__mspabi_slll_2</name>
         <value>0x96a6</value>
         <object_component_ref idref="oc-763"/>
      </symbol>
      <symbol id="sm-904">
         <name>__mspabi_slll_1</name>
         <value>0x96aa</value>
         <object_component_ref idref="oc-763"/>
      </symbol>
      <symbol id="sm-905">
         <name>__mspabi_slll_15</name>
         <value>0x9672</value>
         <object_component_ref idref="oc-763"/>
      </symbol>
      <symbol id="sm-906">
         <name>__mspabi_slll_14</name>
         <value>0x9676</value>
         <object_component_ref idref="oc-763"/>
      </symbol>
      <symbol id="sm-907">
         <name>__mspabi_slll_13</name>
         <value>0x967a</value>
         <object_component_ref idref="oc-763"/>
      </symbol>
      <symbol id="sm-908">
         <name>__mspabi_slll_12</name>
         <value>0x967e</value>
         <object_component_ref idref="oc-763"/>
      </symbol>
      <symbol id="sm-909">
         <name>__mspabi_slll_11</name>
         <value>0x9682</value>
         <object_component_ref idref="oc-763"/>
      </symbol>
      <symbol id="sm-90a">
         <name>__mspabi_slll_10</name>
         <value>0x9686</value>
         <object_component_ref idref="oc-763"/>
      </symbol>
      <symbol id="sm-922">
         <name>setvbuf</name>
         <value>0x881a</value>
         <object_component_ref idref="oc-657"/>
      </symbol>
      <symbol id="sm-92f">
         <name>strcpy</name>
         <value>0x9c90</value>
         <object_component_ref idref="oc-76a"/>
      </symbol>
      <symbol id="sm-93b">
         <name>__TI_cleanup</name>
         <value>0x9804</value>
         <object_component_ref idref="oc-6a1"/>
      </symbol>
      <symbol id="sm-98c">
         <name>_sys_memory</name>
         <value>0x2524</value>
         <object_component_ref idref="oc-391"/>
      </symbol>
      <symbol id="sm-98d">
         <name>free</name>
         <value>0x8e5e</value>
         <object_component_ref idref="oc-695"/>
      </symbol>
      <symbol id="sm-98e">
         <name>malloc</name>
         <value>0x8a5c</value>
         <object_component_ref idref="oc-69b"/>
      </symbol>
      <symbol id="sm-98f">
         <name>minit</name>
         <value>0x9728</value>
         <object_component_ref idref="oc-6ea"/>
      </symbol>
      <symbol id="sm-9a0">
         <name>__TI_closefile</name>
         <value>0x909a</value>
         <object_component_ref idref="oc-6f1"/>
      </symbol>
      <symbol id="sm-9a3">
         <name>__TI_BINIT_Base</name>
         <value>0x0</value>
      </symbol>
      <symbol id="sm-9a4">
         <name>__TI_BINIT_Limit</name>
         <value>0x0</value>
      </symbol>
      <symbol id="sm-9a5">
         <name>__TI_INITARRAY_Base</name>
         <value>0x0</value>
      </symbol>
      <symbol id="sm-9a6">
         <name>__TI_INITARRAY_Limit</name>
         <value>0x0</value>
      </symbol>
      <symbol id="sm-9a7">
         <name>remove</name>
         <value>0x99ce</value>
      </symbol>
   </symbol_table>
   <title>Link successful</title>
</link_info>
